Product: MDK-ARM Lite 5.10
Component: ARM Compiler 5.04 update 1 (build 49)
Tool: armlink [5040049]

==============================================================================

Section Cross References

    arm_startup_nrf51.o(STACK) refers (Special) to heapauxi.o(.text) for __use_two_region_memory
    arm_startup_nrf51.o(HEAP) refers (Special) to heapauxi.o(.text) for __use_two_region_memory
    arm_startup_nrf51.o(RESET) refers (Special) to heapauxi.o(.text) for __use_two_region_memory
    arm_startup_nrf51.o(RESET) refers to arm_startup_nrf51.o(STACK) for __initial_sp
    arm_startup_nrf51.o(RESET) refers to arm_startup_nrf51.o(.text) for Reset_Handler
    arm_startup_nrf51.o(RESET) refers to timeslot_handler.o(.text) for SWI2_IRQHandler
    arm_startup_nrf51.o(.text) refers (Special) to heapauxi.o(.text) for __use_two_region_memory
    arm_startup_nrf51.o(.text) refers to system_nrf51.o(.text) for SystemInit
    arm_startup_nrf51.o(.text) refers to __main.o(!!!main) for __main
    arm_startup_nrf51.o(.text) refers to arm_startup_nrf51.o(HEAP) for Heap_Mem
    arm_startup_nrf51.o(.text) refers to arm_startup_nrf51.o(STACK) for Stack_Mem
    system_nrf51.o(.text) refers to system_nrf51.o(.data) for SystemCoreClock
    radio_control.o(.text) refers to timeslot_handler.o(.text) for app_error_handler
    radio_control.o(.text) refers to radio_control.o(.data) for g_radio_rx_cb
    radio_control.o(.text) refers to radio_control.o(.bss) for rx_data_buf
    trickle.o(.text) refers to aeabi_sdiv.o(.text) for __aeabi_uidivmod
    trickle.o(.text) refers to trickle.o(.bss) for trickle_instances
    trickle.o(.text) refers to trickle.o(.data) for is_synced
    test_application.o(.text) refers to llushr.o(.text) for __aeabi_llsr
    test_application.o(.text) refers to rt_memcpy.o(.text) for __aeabi_memcpy
    test_application.o(.text) refers to radio_control.o(.text) for radio_tx
    test_application.o(.text) refers to trickle.o(.text) for trickle_rx_consistent
    test_application.o(.text) refers to timeslot_handler.o(.text) for timeslot_handler_init
    test_application.o(.text) refers to test_application.o(.data) for tx_data
    test_application.o(.text) refers to test_application.o(.bss) for trickle
    test_application.o(.text) refers to radio_control.o(.data) for radio_aborted
    timeslot_handler.o(.text) refers to nrf_delay.o(.text) for nrf_delay_ms
    timeslot_handler.o(.text) refers to timeslot_handler.o(i.__ARM_common_switch8) for __ARM_common_switch8
    timeslot_handler.o(.text) refers to radio_control.o(.text) for radio_init
    timeslot_handler.o(.text) refers to trickle.o(.text) for trickle_step
    timeslot_handler.o(.text) refers to timeslot_handler.o(.data) for radio_request_earliest
    timeslot_handler.o(.text) refers to timeslot_handler.o(.constdata) for radio_signal_cb_ret_param_none
    nrf_delay.o(.text) refers to nrf_delay.o(.emb_text) for __asm___11_nrf_delay_c_532987f3__nrf_delay_us
    simple_uart.o(.text) refers to simple_uart.o(.emb_text) for __asm___13_simple_uart_c_5dda6715__nrf_delay_us
    rt_memcpy.o(.text) refers to rt_memcpy.o(.emb_text) for __aeabi_memcpy4
    __main.o(!!!main) refers to rtentry.o(.ARM.Collect$$rtentry$$00000000) for __rt_entry
    rtentry.o(.ARM.Collect$$rtentry$$00000000) refers (Special) to rtentry2.o(.ARM.Collect$$rtentry$$0000000A) for __rt_entry_li
    rtentry.o(.ARM.Collect$$rtentry$$00000000) refers (Special) to rtentry2.o(.ARM.Collect$$rtentry$$0000000D) for __rt_entry_main
    rtentry.o(.ARM.Collect$$rtentry$$00000000) refers (Special) to rtentry2.o(.ARM.Collect$$rtentry$$0000000C) for __rt_entry_postli_1
    rtentry.o(.ARM.Collect$$rtentry$$00000000) refers (Special) to rtentry2.o(.ARM.Collect$$rtentry$$00000009) for __rt_entry_postsh_1
    rtentry.o(.ARM.Collect$$rtentry$$00000000) refers (Special) to rtentry2.o(.ARM.Collect$$rtentry$$00000002) for __rt_entry_presh_1
    rtentry.o(.ARM.Collect$$rtentry$$00000000) refers (Special) to rtentry4.o(.ARM.Collect$$rtentry$$00000004) for __rt_entry_sh
    aeabi_idiv0_sigfpe.o(.text) refers to rt_div0.o(.text) for __rt_div0
    rtentry2.o(.ARM.Collect$$rtentry$$00000008) refers to boardinit2.o(.text) for _platform_post_stackheap_init
    rtentry2.o(.ARM.Collect$$rtentry$$0000000A) refers to libinit.o(.ARM.Collect$$libinit$$00000000) for __rt_lib_init
    rtentry2.o(.ARM.Collect$$rtentry$$0000000B) refers to boardinit3.o(.text) for _platform_post_lib_init
    rtentry2.o(.ARM.Collect$$rtentry$$0000000D) refers to test_application.o(.text) for main
    rtentry2.o(.ARM.Collect$$rtentry$$0000000D) refers to exit.o(.text) for exit
    rtentry2.o(.ARM.exidx) refers to rtentry2.o(.ARM.Collect$$rtentry$$00000001) for .ARM.Collect$$rtentry$$00000001
    rtentry2.o(.ARM.exidx) refers to rtentry2.o(.ARM.Collect$$rtentry$$00000008) for .ARM.Collect$$rtentry$$00000008
    rtentry2.o(.ARM.exidx) refers to rtentry2.o(.ARM.Collect$$rtentry$$0000000A) for .ARM.Collect$$rtentry$$0000000A
    rtentry2.o(.ARM.exidx) refers to rtentry2.o(.ARM.Collect$$rtentry$$0000000B) for .ARM.Collect$$rtentry$$0000000B
    rtentry2.o(.ARM.exidx) refers to rtentry2.o(.ARM.Collect$$rtentry$$0000000D) for .ARM.Collect$$rtentry$$0000000D
    rtentry4.o(.ARM.Collect$$rtentry$$00000004) refers to sys_stackheap_outer.o(.text) for __user_setup_stackheap
    rtentry4.o(.ARM.exidx) refers to rtentry4.o(.ARM.Collect$$rtentry$$00000004) for .ARM.Collect$$rtentry$$00000004
    rt_div0.o(.text) refers to defsig_fpe_outer.o(.text) for __rt_SIGFPE
    sys_stackheap_outer.o(.text) refers to libspace.o(.text) for __user_perproc_libspace
    sys_stackheap_outer.o(.text) refers to arm_startup_nrf51.o(.text) for __user_initial_stackheap
    sys_stackheap_outer.o(__vectab_stack_and_reset_area) refers to tempstk.o(.text) for __temporary_stack_top
    sys_stackheap_outer.o(__vectab_stack_and_reset_area) refers to __main.o(!!!main) for __main
    exit.o(.text) refers to rtexit.o(.ARM.Collect$$rtexit$$00000000) for __rt_exit
    defsig_fpe_outer.o(.text) refers to defsig_fpe_inner.o(.text) for __rt_SIGFPE_inner
    defsig_fpe_outer.o(.text) refers to defsig_exit.o(.text) for __sig_exit
    defsig_fpe_formal.o(.text) refers to rt_raise.o(.text) for __rt_raise
    libinit.o(.ARM.Collect$$libinit$$00000000) refers (Special) to libinit2.o(.ARM.Collect$$libinit$$0000002C) for __rt_lib_init_alloca_1
    libinit.o(.ARM.Collect$$libinit$$00000000) refers (Special) to libinit2.o(.ARM.Collect$$libinit$$0000002A) for __rt_lib_init_argv_1
    libinit.o(.ARM.Collect$$libinit$$00000000) refers (Special) to libinit2.o(.ARM.Collect$$libinit$$00000019) for __rt_lib_init_atexit_1
    libinit.o(.ARM.Collect$$libinit$$00000000) refers (Special) to libinit2.o(.ARM.Collect$$libinit$$0000001F) for __rt_lib_init_clock_1
    libinit.o(.ARM.Collect$$libinit$$00000000) refers (Special) to libinit2.o(.ARM.Collect$$libinit$$00000030) for __rt_lib_init_cpp_1
    libinit.o(.ARM.Collect$$libinit$$00000000) refers (Special) to libinit2.o(.ARM.Collect$$libinit$$0000002E) for __rt_lib_init_exceptions_1
    libinit.o(.ARM.Collect$$libinit$$00000000) refers (Special) to libinit2.o(.ARM.Collect$$libinit$$00000001) for __rt_lib_init_fp_1
    libinit.o(.ARM.Collect$$libinit$$00000000) refers (Special) to libinit2.o(.ARM.Collect$$libinit$$0000001D) for __rt_lib_init_fp_trap_1
    libinit.o(.ARM.Collect$$libinit$$00000000) refers (Special) to libinit2.o(.ARM.Collect$$libinit$$00000021) for __rt_lib_init_getenv_1
    libinit.o(.ARM.Collect$$libinit$$00000000) refers (Special) to libinit2.o(.ARM.Collect$$libinit$$00000008) for __rt_lib_init_heap_1
    libinit.o(.ARM.Collect$$libinit$$00000000) refers (Special) to libinit2.o(.ARM.Collect$$libinit$$0000000F) for __rt_lib_init_lc_collate_1
    libinit.o(.ARM.Collect$$libinit$$00000000) refers (Special) to libinit2.o(.ARM.Collect$$libinit$$00000011) for __rt_lib_init_lc_ctype_1
    libinit.o(.ARM.Collect$$libinit$$00000000) refers (Special) to libinit2.o(.ARM.Collect$$libinit$$00000013) for __rt_lib_init_lc_monetary_1
    libinit.o(.ARM.Collect$$libinit$$00000000) refers (Special) to libinit2.o(.ARM.Collect$$libinit$$00000015) for __rt_lib_init_lc_numeric_1
    libinit.o(.ARM.Collect$$libinit$$00000000) refers (Special) to libinit2.o(.ARM.Collect$$libinit$$00000017) for __rt_lib_init_lc_time_1
    libinit.o(.ARM.Collect$$libinit$$00000000) refers (Special) to libinit2.o(.ARM.Collect$$libinit$$0000000C) for __rt_lib_init_rand_1
    libinit.o(.ARM.Collect$$libinit$$00000000) refers (Special) to libinit2.o(.ARM.Collect$$libinit$$00000031) for __rt_lib_init_return
    libinit.o(.ARM.Collect$$libinit$$00000000) refers (Special) to libinit2.o(.ARM.Collect$$libinit$$0000001B) for __rt_lib_init_signal_1
    libinit.o(.ARM.Collect$$libinit$$00000000) refers (Special) to libinit2.o(.ARM.Collect$$libinit$$00000023) for __rt_lib_init_stdio_1
    libinit.o(.ARM.Collect$$libinit$$00000000) refers (Special) to libinit2.o(.ARM.Collect$$libinit$$0000000A) for __rt_lib_init_user_alloc_1
    libspace.o(.text) refers to libspace.o(.bss) for __libspace_start
    rtexit.o(.ARM.Collect$$rtexit$$00000000) refers (Special) to rtexit2.o(.ARM.Collect$$rtexit$$00000004) for __rt_exit_exit
    rtexit.o(.ARM.Collect$$rtexit$$00000000) refers (Special) to rtexit2.o(.ARM.Collect$$rtexit$$00000003) for __rt_exit_ls
    rtexit.o(.ARM.Collect$$rtexit$$00000000) refers (Special) to rtexit2.o(.ARM.Collect$$rtexit$$00000002) for __rt_exit_prels_1
    rtexit.o(.ARM.exidx) refers (Special) to rtexit2.o(.ARM.Collect$$rtexit$$00000004) for __rt_exit_exit
    rtexit.o(.ARM.exidx) refers (Special) to rtexit2.o(.ARM.Collect$$rtexit$$00000003) for __rt_exit_ls
    rtexit.o(.ARM.exidx) refers (Special) to rtexit2.o(.ARM.Collect$$rtexit$$00000002) for __rt_exit_prels_1
    rtexit.o(.ARM.exidx) refers to rtexit.o(.ARM.Collect$$rtexit$$00000000) for .ARM.Collect$$rtexit$$00000000
    rt_raise.o(.text) refers to __raise.o(.text) for __raise
    rt_raise.o(.text) refers to sys_exit.o(.text) for _sys_exit
    defsig_exit.o(.text) refers to sys_exit.o(.text) for _sys_exit
    defsig_fpe_inner.o(.text) refers to defsig_general.o(.text) for __default_signal_display
    libinit2.o(.ARM.Collect$$libinit$$0000000E) refers to libinit2.o(.ARM.Collect$$libinit$$0000000D) for .ARM.Collect$$libinit$$0000000D
    libinit2.o(.ARM.Collect$$libinit$$00000010) refers to libinit2.o(.ARM.Collect$$libinit$$0000000D) for .ARM.Collect$$libinit$$0000000D
    libinit2.o(.ARM.Collect$$libinit$$00000012) refers to libinit2.o(.ARM.Collect$$libinit$$0000000D) for .ARM.Collect$$libinit$$0000000D
    libinit2.o(.ARM.Collect$$libinit$$00000014) refers to libinit2.o(.ARM.Collect$$libinit$$0000000D) for .ARM.Collect$$libinit$$0000000D
    libinit2.o(.ARM.Collect$$libinit$$00000016) refers to libinit2.o(.ARM.Collect$$libinit$$0000000D) for .ARM.Collect$$libinit$$0000000D
    libinit2.o(.ARM.Collect$$libinit$$00000024) refers to argv_veneer.o(.text) for __ARM_argv_veneer
    libinit2.o(.ARM.Collect$$libinit$$00000025) refers to argv_veneer.o(.text) for __ARM_argv_veneer
    sys_exit.o(.text) refers (Special) to use_no_semi.o(.text) for __I$use$semihosting
    sys_exit.o(.text) refers (Special) to indicate_semi.o(.text) for __semihosting_library_function
    rtexit2.o(.ARM.Collect$$rtexit$$00000003) refers to libshutdown.o(.ARM.Collect$$libshutdown$$00000000) for __rt_lib_shutdown
    rtexit2.o(.ARM.Collect$$rtexit$$00000004) refers to sys_exit.o(.text) for _sys_exit
    rtexit2.o(.ARM.exidx) refers to rtexit2.o(.ARM.Collect$$rtexit$$00000001) for .ARM.Collect$$rtexit$$00000001
    rtexit2.o(.ARM.exidx) refers to rtexit2.o(.ARM.Collect$$rtexit$$00000003) for .ARM.Collect$$rtexit$$00000003
    rtexit2.o(.ARM.exidx) refers to rtexit2.o(.ARM.Collect$$rtexit$$00000004) for .ARM.Collect$$rtexit$$00000004
    __raise.o(.text) refers to defsig.o(CL$$defsig) for __default_signal_handler
    defsig_general.o(.text) refers to sys_wrch.o(.text) for _ttywrch
    sys_wrch.o(.text) refers (Special) to use_no_semi.o(.text) for __I$use$semihosting
    sys_wrch.o(.text) refers (Special) to indicate_semi.o(.text) for __semihosting_library_function
    defsig.o(CL$$defsig) refers to defsig_fpe_inner.o(.text) for __rt_SIGFPE_inner
    defsig.o(CL$$defsig) refers to defsig_rtmem_inner.o(.text) for __rt_SIGRTMEM_inner
    _get_argv_nomalloc.o(.text) refers (Special) to hrguard.o(.text) for __heap_region$guard
    _get_argv_nomalloc.o(.text) refers to defsig_rtmem_outer.o(.text) for __rt_SIGRTMEM
    _get_argv_nomalloc.o(.text) refers to sys_command.o(.text) for _sys_command_string
    libshutdown.o(.ARM.Collect$$libshutdown$$00000000) refers (Special) to libshutdown2.o(.ARM.Collect$$libshutdown$$00000006) for __rt_lib_shutdown_fp_trap_1
    libshutdown.o(.ARM.Collect$$libshutdown$$00000000) refers (Special) to libshutdown2.o(.ARM.Collect$$libshutdown$$0000000E) for __rt_lib_shutdown_heap_1
    libshutdown.o(.ARM.Collect$$libshutdown$$00000000) refers (Special) to libshutdown2.o(.ARM.Collect$$libshutdown$$0000000F) for __rt_lib_shutdown_return
    libshutdown.o(.ARM.Collect$$libshutdown$$00000000) refers (Special) to libshutdown2.o(.ARM.Collect$$libshutdown$$00000009) for __rt_lib_shutdown_signal_1
    libshutdown.o(.ARM.Collect$$libshutdown$$00000000) refers (Special) to libshutdown2.o(.ARM.Collect$$libshutdown$$00000003) for __rt_lib_shutdown_stdio_1
    libshutdown.o(.ARM.Collect$$libshutdown$$00000000) refers (Special) to libshutdown2.o(.ARM.Collect$$libshutdown$$0000000B) for __rt_lib_shutdown_user_alloc_1
    sys_command.o(.text) refers (Special) to use_no_semi.o(.text) for __I$use$semihosting
    sys_command.o(.text) refers (Special) to indicate_semi.o(.text) for __semihosting_library_function
    defsig_abrt_inner.o(.text) refers to defsig_general.o(.text) for __default_signal_display
    defsig_rtred_inner.o(.text) refers to defsig_general.o(.text) for __default_signal_display
    defsig_rtmem_inner.o(.text) refers to defsig_general.o(.text) for __default_signal_display
    defsig_rtmem_outer.o(.text) refers to defsig_rtmem_inner.o(.text) for __rt_SIGRTMEM_inner
    defsig_rtmem_outer.o(.text) refers to defsig_exit.o(.text) for __sig_exit
    defsig_rtmem_formal.o(.text) refers to rt_raise.o(.text) for __rt_raise
    defsig_stak_inner.o(.text) refers to defsig_general.o(.text) for __default_signal_display
    defsig_pvfn_inner.o(.text) refers to defsig_general.o(.text) for __default_signal_display
    defsig_cppl_inner.o(.text) refers to defsig_general.o(.text) for __default_signal_display
    defsig_segv_inner.o(.text) refers to defsig_general.o(.text) for __default_signal_display
    defsig_other.o(.text) refers to defsig_general.o(.text) for __default_signal_display


==============================================================================

Removing Unused input sections from the image.

    Removing system_nrf51.o(.rev16_text), (4 bytes).
    Removing system_nrf51.o(.revsh_text), (4 bytes).
    Removing radio_control.o(.rev16_text), (4 bytes).
    Removing radio_control.o(.revsh_text), (4 bytes).
    Removing trickle.o(.rev16_text), (4 bytes).
    Removing trickle.o(.revsh_text), (4 bytes).
    Removing rebroadcast.o(.rev16_text), (4 bytes).
    Removing rebroadcast.o(.revsh_text), (4 bytes).
    Removing test_application.o(.rev16_text), (4 bytes).
    Removing test_application.o(.revsh_text), (4 bytes).
    Removing test_application.o(.emb_text), (30 bytes).
    Removing timeslot_handler.o(.rev16_text), (4 bytes).
    Removing timeslot_handler.o(.revsh_text), (4 bytes).
    Removing timeslot_handler.o(.emb_text), (30 bytes).
    Removing nrf_delay.o(.rev16_text), (4 bytes).
    Removing nrf_delay.o(.revsh_text), (4 bytes).
    Removing simple_uart.o(.rev16_text), (4 bytes).
    Removing simple_uart.o(.revsh_text), (4 bytes).
    Removing simple_uart.o(.emb_text), (30 bytes).
    Removing simple_uart.o(.text), (284 bytes).

20 unused section(s) (total 438 bytes) removed from the image.

==============================================================================

Image Symbol Table

    Local Symbols

    Symbol Name                              Value     Ov Type        Size  Object(Section)

    ../clib/../cmprslib/zerorunl.c           0x00000000   Number         0  __dczerorl.o ABSOLUTE
    ../clib/angel/boardlib.s                 0x00000000   Number         0  boardinit2.o ABSOLUTE
    ../clib/angel/boardlib.s                 0x00000000   Number         0  boardinit1.o ABSOLUTE
    ../clib/angel/boardlib.s                 0x00000000   Number         0  boardshut.o ABSOLUTE
    ../clib/angel/boardlib.s                 0x00000000   Number         0  boardinit3.o ABSOLUTE
    ../clib/angel/handlers.s                 0x00000000   Number         0  __scatter_zi.o ABSOLUTE
    ../clib/angel/kernel.s                   0x00000000   Number         0  rtexit2.o ABSOLUTE
    ../clib/angel/kernel.s                   0x00000000   Number         0  rtentry.o ABSOLUTE
    ../clib/angel/kernel.s                   0x00000000   Number         0  rtentry2.o ABSOLUTE
    ../clib/angel/kernel.s                   0x00000000   Number         0  rtentry4.o ABSOLUTE
    ../clib/angel/kernel.s                   0x00000000   Number         0  rtexit.o ABSOLUTE
    ../clib/angel/rt.s                       0x00000000   Number         0  rt_raise.o ABSOLUTE
    ../clib/angel/rt.s                       0x00000000   Number         0  aeabi_idiv0.o ABSOLUTE
    ../clib/angel/rt.s                       0x00000000   Number         0  aeabi_idiv0_sigfpe.o ABSOLUTE
    ../clib/angel/rt.s                       0x00000000   Number         0  rt_div0.o ABSOLUTE
    ../clib/angel/scatterp.s                 0x00000000   Number         0  __scatter.o ABSOLUTE
    ../clib/angel/startup.s                  0x00000000   Number         0  __main.o ABSOLUTE
    ../clib/angel/sys.s                      0x00000000   Number         0  sys_stackheap_outer.o ABSOLUTE
    ../clib/angel/sys.s                      0x00000000   Number         0  indicate_semi.o ABSOLUTE
    ../clib/angel/sys.s                      0x00000000   Number         0  use_no_semi.o ABSOLUTE
    ../clib/angel/sys.s                      0x00000000   Number         0  tempstk.o ABSOLUTE
    ../clib/angel/sys.s                      0x00000000   Number         0  libspace.o ABSOLUTE
    ../clib/angel/sysapp.c                   0x00000000   Number         0  sys_wrch.o ABSOLUTE
    ../clib/angel/sysapp.c                   0x00000000   Number         0  sys_exit.o ABSOLUTE
    ../clib/angel/sysapp.c                   0x00000000   Number         0  sys_command.o ABSOLUTE
    ../clib/armsys.c                         0x00000000   Number         0  no_argv.o ABSOLUTE
    ../clib/armsys.c                         0x00000000   Number         0  _get_argv_nomalloc.o ABSOLUTE
    ../clib/armsys.c                         0x00000000   Number         0  argv_veneer.o ABSOLUTE
    ../clib/division.s                       0x00000000   Number         0  aeabi_sdiv.o ABSOLUTE
    ../clib/division.s                       0x00000000   Number         0  aeabi_sdiv_div0.o ABSOLUTE
    ../clib/heapalloc.c                      0x00000000   Number         0  hrguard.o ABSOLUTE
    ../clib/heapaux.c                        0x00000000   Number         0  heapauxi.o ABSOLUTE
    ../clib/libinit.s                        0x00000000   Number         0  libinit2.o ABSOLUTE
    ../clib/libinit.s                        0x00000000   Number         0  libinit.o ABSOLUTE
    ../clib/libinit.s                        0x00000000   Number         0  libshutdown2.o ABSOLUTE
    ../clib/libinit.s                        0x00000000   Number         0  libshutdown.o ABSOLUTE
    ../clib/longlong.c                       0x00000000   Number         0  llushr.o ABSOLUTE
    ../clib/memcpset.c                       0x00000000   Number         0  rt_memcpy.o ABSOLUTE
    ../clib/memcpset.c                       0x00000000   Number         0  rt_memcpy.o ABSOLUTE
    ../clib/signal.c                         0x00000000   Number         0  defsig_general.o ABSOLUTE
    ../clib/signal.c                         0x00000000   Number         0  defsig_abrt_inner.o ABSOLUTE
    ../clib/signal.c                         0x00000000   Number         0  defsig_rtred_inner.o ABSOLUTE
    ../clib/signal.c                         0x00000000   Number         0  defsig_rtmem_inner.o ABSOLUTE
    ../clib/signal.c                         0x00000000   Number         0  defsig_rtmem_outer.o ABSOLUTE
    ../clib/signal.c                         0x00000000   Number         0  defsig_stak_inner.o ABSOLUTE
    ../clib/signal.c                         0x00000000   Number         0  defsig_pvfn_inner.o ABSOLUTE
    ../clib/signal.c                         0x00000000   Number         0  defsig_cppl_inner.o ABSOLUTE
    ../clib/signal.c                         0x00000000   Number         0  defsig_segv_inner.o ABSOLUTE
    ../clib/signal.c                         0x00000000   Number         0  defsig_other.o ABSOLUTE
    ../clib/signal.c                         0x00000000   Number         0  defsig_fpe_inner.o ABSOLUTE
    ../clib/signal.c                         0x00000000   Number         0  defsig_exit.o ABSOLUTE
    ../clib/signal.c                         0x00000000   Number         0  defsig_fpe_formal.o ABSOLUTE
    ../clib/signal.c                         0x00000000   Number         0  defsig_rtmem_formal.o ABSOLUTE
    ../clib/signal.c                         0x00000000   Number         0  defsig_fpe_outer.o ABSOLUTE
    ../clib/signal.c                         0x00000000   Number         0  __raise.o ABSOLUTE
    ../clib/signal.s                         0x00000000   Number         0  defsig.o ABSOLUTE
    ../clib/stdlib.c                         0x00000000   Number         0  exit.o ABSOLUTE
    ../fplib/cfplib/fpinit.c                 0x00000000   Number         0  fpinit.o ABSOLUTE
    ..\..\..\SDK\nrf51822\Source\nrf_delay\nrf_delay.c 0x00000000   Number         0  nrf_delay.o ABSOLUTE
    ..\..\..\SDK\nrf51822\Source\simple_uart\simple_uart.c 0x00000000   Number         0  simple_uart.o ABSOLUTE
    ..\..\..\SDK\nrf51822\Source\templates\system_nrf51.c 0x00000000   Number         0  system_nrf51.o ABSOLUTE
    ..\\..\\..\\SDK\\nrf51822\\Source\\nrf_delay\\nrf_delay.c 0x00000000   Number         0  nrf_delay.o ABSOLUTE
    ..\\..\\..\\SDK\\nrf51822\\Source\\simple_uart\\simple_uart.c 0x00000000   Number         0  simple_uart.o ABSOLUTE
    ..\\..\\..\\SDK\\nrf51822\\Source\\templates\\system_nrf51.c 0x00000000   Number         0  system_nrf51.o ABSOLUTE
    ..\\radio_control.c                      0x00000000   Number         0  radio_control.o ABSOLUTE
    ..\\rebroadcast.c                        0x00000000   Number         0  rebroadcast.o ABSOLUTE
    ..\\test_application.c                   0x00000000   Number         0  test_application.o ABSOLUTE
    ..\\timeslot_handler.c                   0x00000000   Number         0  timeslot_handler.o ABSOLUTE
    ..\\trickle.c                            0x00000000   Number         0  trickle.o ABSOLUTE
    ..\radio_control.c                       0x00000000   Number         0  radio_control.o ABSOLUTE
    ..\rebroadcast.c                         0x00000000   Number         0  rebroadcast.o ABSOLUTE
    ..\test_application.c                    0x00000000   Number         0  test_application.o ABSOLUTE
    ..\timeslot_handler.c                    0x00000000   Number         0  timeslot_handler.o ABSOLUTE
    ..\trickle.c                             0x00000000   Number         0  trickle.o ABSOLUTE
    arm_startup_nrf51.s                      0x00000000   Number         0  arm_startup_nrf51.o ABSOLUTE
    dc.s                                     0x00000000   Number         0  dc.o ABSOLUTE
    RESET                                    0x00016000   Section      192  arm_startup_nrf51.o(RESET)
    !!!main                                  0x000160c0   Section        8  __main.o(!!!main)
    !!!scatter                               0x000160c8   Section       60  __scatter.o(!!!scatter)
    !!handler_zi                             0x00016104   Section       28  __scatter_zi.o(!!handler_zi)
    .ARM.Collect$$libinit$$00000000          0x00016120   Section        2  libinit.o(.ARM.Collect$$libinit$$00000000)
    .ARM.Collect$$libinit$$00000001          0x00016122   Section        4  libinit2.o(.ARM.Collect$$libinit$$00000001)
    .ARM.Collect$$libinit$$00000008          0x00016126   Section        0  libinit2.o(.ARM.Collect$$libinit$$00000008)
    .ARM.Collect$$libinit$$0000000A          0x00016126   Section        0  libinit2.o(.ARM.Collect$$libinit$$0000000A)
    .ARM.Collect$$libinit$$0000000C          0x00016126   Section        0  libinit2.o(.ARM.Collect$$libinit$$0000000C)
    .ARM.Collect$$libinit$$0000000F          0x00016126   Section        0  libinit2.o(.ARM.Collect$$libinit$$0000000F)
    .ARM.Collect$$libinit$$00000011          0x00016126   Section        0  libinit2.o(.ARM.Collect$$libinit$$00000011)
    .ARM.Collect$$libinit$$00000013          0x00016126   Section        0  libinit2.o(.ARM.Collect$$libinit$$00000013)
    .ARM.Collect$$libinit$$00000015          0x00016126   Section        0  libinit2.o(.ARM.Collect$$libinit$$00000015)
    .ARM.Collect$$libinit$$00000017          0x00016126   Section        0  libinit2.o(.ARM.Collect$$libinit$$00000017)
    .ARM.Collect$$libinit$$00000019          0x00016126   Section        0  libinit2.o(.ARM.Collect$$libinit$$00000019)
    .ARM.Collect$$libinit$$0000001B          0x00016126   Section        0  libinit2.o(.ARM.Collect$$libinit$$0000001B)
    .ARM.Collect$$libinit$$0000001D          0x00016126   Section        0  libinit2.o(.ARM.Collect$$libinit$$0000001D)
    .ARM.Collect$$libinit$$0000001F          0x00016126   Section        0  libinit2.o(.ARM.Collect$$libinit$$0000001F)
    .ARM.Collect$$libinit$$00000021          0x00016126   Section        0  libinit2.o(.ARM.Collect$$libinit$$00000021)
    .ARM.Collect$$libinit$$00000023          0x00016126   Section        0  libinit2.o(.ARM.Collect$$libinit$$00000023)
    .ARM.Collect$$libinit$$0000002A          0x00016126   Section        0  libinit2.o(.ARM.Collect$$libinit$$0000002A)
    .ARM.Collect$$libinit$$0000002C          0x00016126   Section        0  libinit2.o(.ARM.Collect$$libinit$$0000002C)
    .ARM.Collect$$libinit$$0000002E          0x00016126   Section        0  libinit2.o(.ARM.Collect$$libinit$$0000002E)
    .ARM.Collect$$libinit$$00000030          0x00016126   Section        0  libinit2.o(.ARM.Collect$$libinit$$00000030)
    .ARM.Collect$$libinit$$00000031          0x00016126   Section        2  libinit2.o(.ARM.Collect$$libinit$$00000031)
    .ARM.Collect$$libshutdown$$00000000      0x00016128   Section        2  libshutdown.o(.ARM.Collect$$libshutdown$$00000000)
    .ARM.Collect$$libshutdown$$00000003      0x0001612a   Section        0  libshutdown2.o(.ARM.Collect$$libshutdown$$00000003)
    .ARM.Collect$$libshutdown$$00000006      0x0001612a   Section        0  libshutdown2.o(.ARM.Collect$$libshutdown$$00000006)
    .ARM.Collect$$libshutdown$$00000009      0x0001612a   Section        0  libshutdown2.o(.ARM.Collect$$libshutdown$$00000009)
    .ARM.Collect$$libshutdown$$0000000B      0x0001612a   Section        0  libshutdown2.o(.ARM.Collect$$libshutdown$$0000000B)
    .ARM.Collect$$libshutdown$$0000000E      0x0001612a   Section        0  libshutdown2.o(.ARM.Collect$$libshutdown$$0000000E)
    .ARM.Collect$$libshutdown$$0000000F      0x0001612a   Section        2  libshutdown2.o(.ARM.Collect$$libshutdown$$0000000F)
    .ARM.Collect$$rtentry$$00000000          0x0001612c   Section        0  rtentry.o(.ARM.Collect$$rtentry$$00000000)
    .ARM.Collect$$rtentry$$00000002          0x0001612c   Section        0  rtentry2.o(.ARM.Collect$$rtentry$$00000002)
    .ARM.Collect$$rtentry$$00000004          0x0001612c   Section        6  rtentry4.o(.ARM.Collect$$rtentry$$00000004)
    .ARM.Collect$$rtentry$$00000009          0x00016132   Section        0  rtentry2.o(.ARM.Collect$$rtentry$$00000009)
    .ARM.Collect$$rtentry$$0000000A          0x00016132   Section        4  rtentry2.o(.ARM.Collect$$rtentry$$0000000A)
    .ARM.Collect$$rtentry$$0000000C          0x00016136   Section        0  rtentry2.o(.ARM.Collect$$rtentry$$0000000C)
    .ARM.Collect$$rtentry$$0000000D          0x00016136   Section        8  rtentry2.o(.ARM.Collect$$rtentry$$0000000D)
    .ARM.Collect$$rtexit$$00000000           0x0001613e   Section        2  rtexit.o(.ARM.Collect$$rtexit$$00000000)
    .ARM.Collect$$rtexit$$00000002           0x00016140   Section        0  rtexit2.o(.ARM.Collect$$rtexit$$00000002)
    .ARM.Collect$$rtexit$$00000003           0x00016140   Section        4  rtexit2.o(.ARM.Collect$$rtexit$$00000003)
    .ARM.Collect$$rtexit$$00000004           0x00016144   Section        6  rtexit2.o(.ARM.Collect$$rtexit$$00000004)
    .emb_text                                0x0001614c   Section       30  nrf_delay.o(.emb_text)
    .emb_text                                0x0001616c   Section       56  rt_memcpy.o(.emb_text)
    .text                                    0x000161a4   Section       72  arm_startup_nrf51.o(.text)
    .text                                    0x000161ec   Section        0  system_nrf51.o(.text)
    is_disabled_in_debug_needed              0x000161f5   Thumb Code    52  system_nrf51.o(.text)
    is_manual_peripheral_setup_needed        0x00016229   Thumb Code   104  system_nrf51.o(.text)
    .text                                    0x000162d4   Section        0  radio_control.o(.text)
    .text                                    0x00016594   Section        0  trickle.o(.text)
    get_trickle                              0x00016595   Thumb Code    34  trickle.o(.text)
    sync_timer                               0x000165b7   Thumb Code     2  trickle.o(.text)
    interval_begin                           0x000165b9   Thumb Code   210  trickle.o(.text)
    timer_reset                              0x0001668b   Thumb Code    24  trickle.o(.text)
    .text                                    0x000169b0   Section        0  test_application.o(.text)
    set_tx_trickle_data                      0x000169b1   Thumb Code    10  test_application.o(.text)
    led_config                               0x000169bb   Thumb Code    56  test_application.o(.text)
    make_address                             0x000169f3   Thumb Code    66  test_application.o(.text)
    gpiote_init                              0x00016bcd   Thumb Code    26  test_application.o(.text)
    nrf_gpio_cfg_output                      0x00016ca1   Thumb Code    18  test_application.o(.text)
    nrf_gpio_cfg_input                       0x00016cb3   Thumb Code    20  test_application.o(.text)
    nrf_gpio_pin_set                         0x00016cc7   Thumb Code    10  test_application.o(.text)
    nrf_gpio_pin_clear                       0x00016cd1   Thumb Code    10  test_application.o(.text)
    .text                                    0x00016d1c   Section        0  timeslot_handler.o(.text)
    enter_search_mode                        0x00016d1d   Thumb Code    16  timeslot_handler.o(.text)
    search_mode_timeslot_started             0x00016d2d   Thumb Code   102  timeslot_handler.o(.text)
    radio_signal_callback_searching          0x00016ecf   Thumb Code   242  timeslot_handler.o(.text)
    radio_signal_callback_periodic           0x00016fc1   Thumb Code   208  timeslot_handler.o(.text)
    radio_signal_callback                    0x00017091   Thumb Code    92  timeslot_handler.o(.text)
    NVIC_EnableIRQ                           0x000171fb   Thumb Code    14  timeslot_handler.o(.text)
    .text                                    0x00017220   Section        0  nrf_delay.o(.text)
    .text                                    0x0001723c   Section        0  llushr.o(.text)
    .text                                    0x0001725e   Section        0  rt_memcpy.o(.text)
    .text                                    0x000172e0   Section      346  aeabi_sdiv.o(.text)
    .text                                    0x0001743a   Section        0  heapauxi.o(.text)
    .text                                    0x00017440   Section       62  sys_stackheap_outer.o(.text)
    .text                                    0x0001747e   Section        0  exit.o(.text)
    .text                                    0x0001748c   Section        8  libspace.o(.text)
    .text                                    0x00017494   Section        0  sys_exit.o(.text)
    .text                                    0x000174a0   Section        2  use_no_semi.o(.text)
    .text                                    0x000174a2   Section        0  indicate_semi.o(.text)
    .text                                    0x000174a2   Section        0  __dczerorl.o(.text)
    i.__ARM_common_switch8                   0x000174dc   Section        0  timeslot_handler.o(i.__ARM_common_switch8)
    .constdata                               0x000174f8   Section       16  timeslot_handler.o(.constdata)
    radio_signal_cb_ret_param_none           0x000174f8   Data           8  timeslot_handler.o(.constdata)
    radio_signal_cb_ret_param_extend         0x00017500   Data           8  timeslot_handler.o(.constdata)
    .data                                    0x20002000   Section        4  system_nrf51.o(.data)
    __tagsym$$used                           0x20002000   Number         0  system_nrf51.o(.data)
    .data                                    0x20002004   Section       20  radio_control.o(.data)
    global_state                             0x20002004   Data           1  radio_control.o(.data)
    tx_data                                  0x20002008   Data           4  radio_control.o(.data)
    g_consecutive_receives                   0x2000200c   Data           1  radio_control.o(.data)
    g_radio_rx_cb                            0x20002010   Data           4  radio_control.o(.data)
    g_radio_tx_cb                            0x20002014   Data           4  radio_control.o(.data)
    .data                                    0x20002018   Section       13  trickle.o(.data)
    g_trickle_time                           0x20002018   Data           4  trickle.o(.data)
    intervals                                0x20002024   Data           1  trickle.o(.data)
    .data                                    0x20002025   Section      267  test_application.o(.data)
    address                                  0x20002025   Data           6  test_application.o(.data)
    payload                                  0x2000202b   Data           2  test_application.o(.data)
    version                                  0x2000202d   Data           2  test_application.o(.data)
    led_data                                 0x2000202f   Data           1  test_application.o(.data)
    .data                                    0x20002130   Section       68  timeslot_handler.o(.data)
    radio_request_normal                     0x20002130   Data          16  timeslot_handler.o(.data)
    radio_request_earliest                   0x20002140   Data          16  timeslot_handler.o(.data)
    radio_signal_cb_ret_param_request        0x20002150   Data           8  timeslot_handler.o(.data)
    g_trickle_radio_mode                     0x20002158   Data           1  timeslot_handler.o(.data)
    end_timeslot                             0x20002159   Data           1  timeslot_handler.o(.data)
    tx_data_local                            0x2000215a   Data          26  timeslot_handler.o(.data)
    .bss                                     0x20002174   Section      256  radio_control.o(.bss)
    rx_data_buf                              0x20002174   Data         256  radio_control.o(.bss)
    .bss                                     0x20002274   Section      320  trickle.o(.bss)
    trickle_instances                        0x20002274   Data         256  trickle.o(.bss)
    .bss                                     0x200023b4   Section      296  test_application.o(.bss)
    trickle                                  0x200023b4   Data          40  test_application.o(.bss)
    .bss                                     0x200024dc   Section       96  libspace.o(.bss)
    HEAP                                     0x20002540   Section     2048  arm_startup_nrf51.o(HEAP)
    Heap_Mem                                 0x20002540   Data        2048  arm_startup_nrf51.o(HEAP)
    STACK                                    0x20002d40   Section     2048  arm_startup_nrf51.o(STACK)
    Stack_Mem                                0x20002d40   Data        2048  arm_startup_nrf51.o(STACK)
    __initial_sp                             0x20003540   Data           0  arm_startup_nrf51.o(STACK)

    Global Symbols

    Symbol Name                              Value     Ov Type        Size  Object(Section)

    BuildAttributes$$THM_ISAv3M$S$PE$A:L22$X:L11$S22$IEEE1$IW$USESV6$~STKCKD$USESV7$~SHL$OSPACE$ROPI$EBA8$UX$STANDARDLIB$REQ8$PRES8$EABIv2 0x00000000   Number         0  anon$$obj.o ABSOLUTE
    __ARM_use_no_argv                        0x00000000   Number         0  test_application.o ABSOLUTE
    __ARM_exceptions_init                     - Undefined Weak Reference
    __alloca_initialize                       - Undefined Weak Reference
    __cpp_initialize__aeabi_                  - Undefined Weak Reference
    __cxa_finalize                            - Undefined Weak Reference
    __rt_locale                               - Undefined Weak Reference
    __sigvec_lookup                           - Undefined Weak Reference
    _atexit_init                              - Undefined Weak Reference
    _call_atexit_fns                          - Undefined Weak Reference
    _clock_init                               - Undefined Weak Reference
    _fp_trap_init                             - Undefined Weak Reference
    _fp_trap_shutdown                         - Undefined Weak Reference
    _get_lc_collate                           - Undefined Weak Reference
    _get_lc_ctype                             - Undefined Weak Reference
    _get_lc_monetary                          - Undefined Weak Reference
    _get_lc_numeric                           - Undefined Weak Reference
    _get_lc_time                              - Undefined Weak Reference
    _getenv_init                              - Undefined Weak Reference
    _handle_redirection                       - Undefined Weak Reference
    _init_alloc                               - Undefined Weak Reference
    _init_user_alloc                          - Undefined Weak Reference
    _initio                                   - Undefined Weak Reference
    _rand_init                                - Undefined Weak Reference
    _signal_finish                            - Undefined Weak Reference
    _signal_init                              - Undefined Weak Reference
    _terminate_alloc                          - Undefined Weak Reference
    _terminate_user_alloc                     - Undefined Weak Reference
    _terminateio                              - Undefined Weak Reference
    __Vectors_Size                           0x000000c0   Number         0  arm_startup_nrf51.o ABSOLUTE
    __Vectors                                0x00016000   Data           4  arm_startup_nrf51.o(RESET)
    __Vectors_End                            0x000160c0   Data           0  arm_startup_nrf51.o(RESET)
    __main                                   0x000160c1   Thumb Code     8  __main.o(!!!main)
    __scatterload                            0x000160c9   Thumb Code     0  __scatter.o(!!!scatter)
    __scatterload_rt2                        0x000160c9   Thumb Code    52  __scatter.o(!!!scatter)
    __scatterload_rt2_thumb_only             0x000160c9   Thumb Code     0  __scatter.o(!!!scatter)
    __scatterload_null                       0x000160d9   Thumb Code     0  __scatter.o(!!!scatter)
    __scatterload_zeroinit                   0x00016105   Thumb Code    28  __scatter_zi.o(!!handler_zi)
    __rt_lib_init                            0x00016121   Thumb Code     0  libinit.o(.ARM.Collect$$libinit$$00000000)
    __rt_lib_init_fp_1                       0x00016123   Thumb Code     0  libinit2.o(.ARM.Collect$$libinit$$00000001)
    __rt_lib_init_alloca_1                   0x00016127   Thumb Code     0  libinit2.o(.ARM.Collect$$libinit$$0000002C)
    __rt_lib_init_argv_1                     0x00016127   Thumb Code     0  libinit2.o(.ARM.Collect$$libinit$$0000002A)
    __rt_lib_init_atexit_1                   0x00016127   Thumb Code     0  libinit2.o(.ARM.Collect$$libinit$$00000019)
    __rt_lib_init_clock_1                    0x00016127   Thumb Code     0  libinit2.o(.ARM.Collect$$libinit$$0000001F)
    __rt_lib_init_cpp_1                      0x00016127   Thumb Code     0  libinit2.o(.ARM.Collect$$libinit$$00000030)
    __rt_lib_init_exceptions_1               0x00016127   Thumb Code     0  libinit2.o(.ARM.Collect$$libinit$$0000002E)
    __rt_lib_init_fp_trap_1                  0x00016127   Thumb Code     0  libinit2.o(.ARM.Collect$$libinit$$0000001D)
    __rt_lib_init_getenv_1                   0x00016127   Thumb Code     0  libinit2.o(.ARM.Collect$$libinit$$00000021)
    __rt_lib_init_heap_1                     0x00016127   Thumb Code     0  libinit2.o(.ARM.Collect$$libinit$$00000008)
    __rt_lib_init_lc_collate_1               0x00016127   Thumb Code     0  libinit2.o(.ARM.Collect$$libinit$$0000000F)
    __rt_lib_init_lc_ctype_1                 0x00016127   Thumb Code     0  libinit2.o(.ARM.Collect$$libinit$$00000011)
    __rt_lib_init_lc_monetary_1              0x00016127   Thumb Code     0  libinit2.o(.ARM.Collect$$libinit$$00000013)
    __rt_lib_init_lc_numeric_1               0x00016127   Thumb Code     0  libinit2.o(.ARM.Collect$$libinit$$00000015)
    __rt_lib_init_lc_time_1                  0x00016127   Thumb Code     0  libinit2.o(.ARM.Collect$$libinit$$00000017)
    __rt_lib_init_rand_1                     0x00016127   Thumb Code     0  libinit2.o(.ARM.Collect$$libinit$$0000000C)
    __rt_lib_init_return                     0x00016127   Thumb Code     0  libinit2.o(.ARM.Collect$$libinit$$00000031)
    __rt_lib_init_signal_1                   0x00016127   Thumb Code     0  libinit2.o(.ARM.Collect$$libinit$$0000001B)
    __rt_lib_init_stdio_1                    0x00016127   Thumb Code     0  libinit2.o(.ARM.Collect$$libinit$$00000023)
    __rt_lib_init_user_alloc_1               0x00016127   Thumb Code     0  libinit2.o(.ARM.Collect$$libinit$$0000000A)
    __rt_lib_shutdown                        0x00016129   Thumb Code     0  libshutdown.o(.ARM.Collect$$libshutdown$$00000000)
    __rt_lib_shutdown_fp_trap_1              0x0001612b   Thumb Code     0  libshutdown2.o(.ARM.Collect$$libshutdown$$00000006)
    __rt_lib_shutdown_heap_1                 0x0001612b   Thumb Code     0  libshutdown2.o(.ARM.Collect$$libshutdown$$0000000E)
    __rt_lib_shutdown_return                 0x0001612b   Thumb Code     0  libshutdown2.o(.ARM.Collect$$libshutdown$$0000000F)
    __rt_lib_shutdown_signal_1               0x0001612b   Thumb Code     0  libshutdown2.o(.ARM.Collect$$libshutdown$$00000009)
    __rt_lib_shutdown_stdio_1                0x0001612b   Thumb Code     0  libshutdown2.o(.ARM.Collect$$libshutdown$$00000003)
    __rt_lib_shutdown_user_alloc_1           0x0001612b   Thumb Code     0  libshutdown2.o(.ARM.Collect$$libshutdown$$0000000B)
    __rt_entry                               0x0001612d   Thumb Code     0  rtentry.o(.ARM.Collect$$rtentry$$00000000)
    __rt_entry_presh_1                       0x0001612d   Thumb Code     0  rtentry2.o(.ARM.Collect$$rtentry$$00000002)
    __rt_entry_sh                            0x0001612d   Thumb Code     0  rtentry4.o(.ARM.Collect$$rtentry$$00000004)
    __rt_entry_li                            0x00016133   Thumb Code     0  rtentry2.o(.ARM.Collect$$rtentry$$0000000A)
    __rt_entry_postsh_1                      0x00016133   Thumb Code     0  rtentry2.o(.ARM.Collect$$rtentry$$00000009)
    __rt_entry_main                          0x00016137   Thumb Code     0  rtentry2.o(.ARM.Collect$$rtentry$$0000000D)
    __rt_entry_postli_1                      0x00016137   Thumb Code     0  rtentry2.o(.ARM.Collect$$rtentry$$0000000C)
    __rt_exit                                0x0001613f   Thumb Code     0  rtexit.o(.ARM.Collect$$rtexit$$00000000)
    __rt_exit_ls                             0x00016141   Thumb Code     0  rtexit2.o(.ARM.Collect$$rtexit$$00000003)
    __rt_exit_prels_1                        0x00016141   Thumb Code     0  rtexit2.o(.ARM.Collect$$rtexit$$00000002)
    __rt_exit_exit                           0x00016145   Thumb Code     0  rtexit2.o(.ARM.Collect$$rtexit$$00000004)
    __asm___11_nrf_delay_c_532987f3__nrf_delay_us 0x0001614d   Thumb Code    30  nrf_delay.o(.emb_text)
    __aeabi_memcpy4                          0x0001616d   Thumb Code    56  rt_memcpy.o(.emb_text)
    __aeabi_memcpy8                          0x0001616d   Thumb Code     0  rt_memcpy.o(.emb_text)
    Reset_Handler                            0x000161a5   Thumb Code    18  arm_startup_nrf51.o(.text)
    NMI_Handler                              0x000161b7   Thumb Code     2  arm_startup_nrf51.o(.text)
    HardFault_Handler                        0x000161b9   Thumb Code     2  arm_startup_nrf51.o(.text)
    SVC_Handler                              0x000161bb   Thumb Code     2  arm_startup_nrf51.o(.text)
    PendSV_Handler                           0x000161bd   Thumb Code     2  arm_startup_nrf51.o(.text)
    SysTick_Handler                          0x000161bf   Thumb Code     2  arm_startup_nrf51.o(.text)
    ADC_IRQHandler                           0x000161c1   Thumb Code     0  arm_startup_nrf51.o(.text)
    CCM_AAR_IRQHandler                       0x000161c1   Thumb Code     0  arm_startup_nrf51.o(.text)
    ECB_IRQHandler                           0x000161c1   Thumb Code     0  arm_startup_nrf51.o(.text)
    GPIOTE_IRQHandler                        0x000161c1   Thumb Code     0  arm_startup_nrf51.o(.text)
    LPCOMP_IRQHandler                        0x000161c1   Thumb Code     0  arm_startup_nrf51.o(.text)
    POWER_CLOCK_IRQHandler                   0x000161c1   Thumb Code     0  arm_startup_nrf51.o(.text)
    QDEC_IRQHandler                          0x000161c1   Thumb Code     0  arm_startup_nrf51.o(.text)
    RADIO_IRQHandler                         0x000161c1   Thumb Code     0  arm_startup_nrf51.o(.text)
    RNG_IRQHandler                           0x000161c1   Thumb Code     0  arm_startup_nrf51.o(.text)
    RTC0_IRQHandler                          0x000161c1   Thumb Code     0  arm_startup_nrf51.o(.text)
    RTC1_IRQHandler                          0x000161c1   Thumb Code     0  arm_startup_nrf51.o(.text)
    SPI0_TWI0_IRQHandler                     0x000161c1   Thumb Code     0  arm_startup_nrf51.o(.text)
    SPI1_TWI1_IRQHandler                     0x000161c1   Thumb Code     0  arm_startup_nrf51.o(.text)
    SWI0_IRQHandler                          0x000161c1   Thumb Code     0  arm_startup_nrf51.o(.text)
    SWI1_IRQHandler                          0x000161c1   Thumb Code     0  arm_startup_nrf51.o(.text)
    SWI3_IRQHandler                          0x000161c1   Thumb Code     0  arm_startup_nrf51.o(.text)
    SWI4_IRQHandler                          0x000161c1   Thumb Code     0  arm_startup_nrf51.o(.text)
    SWI5_IRQHandler                          0x000161c1   Thumb Code     0  arm_startup_nrf51.o(.text)
    TEMP_IRQHandler                          0x000161c1   Thumb Code     0  arm_startup_nrf51.o(.text)
    TIMER0_IRQHandler                        0x000161c1   Thumb Code     0  arm_startup_nrf51.o(.text)
    TIMER1_IRQHandler                        0x000161c1   Thumb Code     0  arm_startup_nrf51.o(.text)
    TIMER2_IRQHandler                        0x000161c1   Thumb Code     0  arm_startup_nrf51.o(.text)
    UART0_IRQHandler                         0x000161c1   Thumb Code     0  arm_startup_nrf51.o(.text)
    WDT_IRQHandler                           0x000161c1   Thumb Code     0  arm_startup_nrf51.o(.text)
    __user_initial_stackheap                 0x000161c5   Thumb Code     0  arm_startup_nrf51.o(.text)
    SystemCoreClockUpdate                    0x000161ed   Thumb Code     8  system_nrf51.o(.text)
    SystemInit                               0x00016291   Thumb Code    38  system_nrf51.o(.text)
    radio_init                               0x000162d5   Thumb Code   102  radio_control.o(.text)
    radio_tx                                 0x0001633b   Thumb Code   166  radio_control.o(.text)
    radio_rx                                 0x000163e1   Thumb Code    66  radio_control.o(.text)
    radio_disable                            0x00016423   Thumb Code    26  radio_control.o(.text)
    radio_event_handler                      0x0001643d   Thumb Code   248  radio_control.o(.text)
    trickle_setup                            0x000166a3   Thumb Code   126  trickle.o(.text)
    trickle_step                             0x00016721   Thumb Code   290  trickle.o(.text)
    trickle_init                             0x00016843   Thumb Code   116  trickle.o(.text)
    trickle_discard                          0x000168b7   Thumb Code    32  trickle.o(.text)
    trickle_interval_begin                   0x000168d7   Thumb Code    28  trickle.o(.text)
    trickle_rx_consistent                    0x000168f3   Thumb Code    30  trickle.o(.text)
    trickle_rx_inconsistent                  0x00016911   Thumb Code    38  trickle.o(.text)
    trickle_timer_reset                      0x00016937   Thumb Code    28  trickle.o(.text)
    trickle_sync                             0x00016953   Thumb Code    28  trickle.o(.text)
    trickle_tx0                              0x00016a35   Thumb Code    54  test_application.o(.text)
    trickle_tx1                              0x00016a6b   Thumb Code    56  test_application.o(.text)
    eval_msg                                 0x00016aa3   Thumb Code   298  test_application.o(.text)
    test_app_init                            0x00016be7   Thumb Code   168  test_application.o(.text)
    main                                     0x00016c8f   Thumb Code    18  test_application.o(.text)
    radio_rx_callback                        0x00016d93   Thumb Code    38  timeslot_handler.o(.text)
    radio_tx_callback                        0x00016db9   Thumb Code    22  timeslot_handler.o(.text)
    sd_assert_handler                        0x00016dcf   Thumb Code    50  timeslot_handler.o(.text)
    app_error_handler                        0x00016e01   Thumb Code    50  timeslot_handler.o(.text)
    SWI2_IRQHandler                          0x00016e33   Thumb Code   156  timeslot_handler.o(.text)
    timeslot_handler_init                    0x000170ed   Thumb Code   196  timeslot_handler.o(.text)
    timeslot_handler_start_periodic          0x000171b1   Thumb Code    74  timeslot_handler.o(.text)
    nrf_delay_ms                             0x00017221   Thumb Code    24  nrf_delay.o(.text)
    __aeabi_llsr                             0x0001723d   Thumb Code    34  llushr.o(.text)
    _ll_ushift_r                             0x0001723d   Thumb Code     0  llushr.o(.text)
    __aeabi_memcpy                           0x0001725f   Thumb Code   130  rt_memcpy.o(.text)
    __rt_memcpy                              0x0001725f   Thumb Code     0  rt_memcpy.o(.text)
    __aeabi_uidiv                            0x000172e1   Thumb Code     0  aeabi_sdiv.o(.text)
    __aeabi_uidivmod                         0x000172e1   Thumb Code    20  aeabi_sdiv.o(.text)
    __aeabi_idiv                             0x000172f5   Thumb Code     0  aeabi_sdiv.o(.text)
    __aeabi_idivmod                          0x000172f5   Thumb Code   326  aeabi_sdiv.o(.text)
    __use_two_region_memory                  0x0001743b   Thumb Code     2  heapauxi.o(.text)
    __rt_heap_escrow$2region                 0x0001743d   Thumb Code     2  heapauxi.o(.text)
    __rt_heap_expand$2region                 0x0001743f   Thumb Code     2  heapauxi.o(.text)
    __user_setup_stackheap                   0x00017441   Thumb Code    62  sys_stackheap_outer.o(.text)
    exit                                     0x0001747f   Thumb Code    12  exit.o(.text)
    __user_libspace                          0x0001748d   Thumb Code     8  libspace.o(.text)
    __user_perproc_libspace                  0x0001748d   Thumb Code     0  libspace.o(.text)
    __user_perthread_libspace                0x0001748d   Thumb Code     0  libspace.o(.text)
    _sys_exit                                0x00017495   Thumb Code     8  sys_exit.o(.text)
    __I$use$semihosting                      0x000174a1   Thumb Code     0  use_no_semi.o(.text)
    __use_no_semihosting_swi                 0x000174a1   Thumb Code     2  use_no_semi.o(.text)
    __decompress                             0x000174a3   Thumb Code     0  __dczerorl.o(.text)
    __decompress0                            0x000174a3   Thumb Code    58  __dczerorl.o(.text)
    __semihosting_library_function           0x000174a3   Thumb Code     0  indicate_semi.o(.text)
    __ARM_common_switch8                     0x000174dd   Thumb Code    28  timeslot_handler.o(i.__ARM_common_switch8)
    Region$$Table$$Base                      0x00017508   Number         0  anon$$obj.o(Region$$Table)
    Region$$Table$$Limit                     0x00017528   Number         0  anon$$obj.o(Region$$Table)
    SystemCoreClock                          0x20002000   Data           4  system_nrf51.o(.data)
    radio_aborted                            0x2000200d   Data           1  radio_control.o(.data)
    rng_index                                0x2000201c   Data           1  trickle.o(.data)
    is_synced                                0x2000201d   Data           1  trickle.o(.data)
    next_trickle                             0x20002020   Data           4  trickle.o(.data)
    tx_data                                  0x20002030   Data         256  test_application.o(.data)
    rng_vals                                 0x20002374   Data          64  trickle.o(.bss)
    rx_data                                  0x200023dc   Data         256  test_application.o(.bss)
    __libspace_start                         0x200024dc   Data          96  libspace.o(.bss)
    __temporary_stack_top$libspace           0x2000253c   Data           0  libspace.o(.bss)



==============================================================================

Memory Map of the image

  Image Entry point : 0x000160c1

  Load Region LR_IROM1 (Base: 0x00016000, Size: 0x0000169c, Max: 0x00029000, ABSOLUTE, COMPRESSED[0x00001578])

    Execution Region ER_IROM1 (Base: 0x00016000, Size: 0x00001528, Max: 0x00029000, ABSOLUTE)

    Base Addr    Size         Type   Attr      Idx    E Section Name        Object

    0x00016000   0x000000c0   Data   RO            3    RESET               arm_startup_nrf51.o
    0x000160c0   0x00000008   Code   RO          338  * !!!main             c_p.l(__main.o)
    0x000160c8   0x0000003c   Code   RO          506    !!!scatter          c_p.l(__scatter.o)
    0x00016104   0x0000001c   Code   RO          508    !!handler_zi        c_p.l(__scatter_zi.o)
    0x00016120   0x00000002   Code   RO          376    .ARM.Collect$$libinit$$00000000  c_p.l(libinit.o)
    0x00016122   0x00000004   Code   RO          389    .ARM.Collect$$libinit$$00000001  c_p.l(libinit2.o)
    0x00016126   0x00000000   Code   RO          393    .ARM.Collect$$libinit$$00000008  c_p.l(libinit2.o)
    0x00016126   0x00000000   Code   RO          395    .ARM.Collect$$libinit$$0000000A  c_p.l(libinit2.o)
    0x00016126   0x00000000   Code   RO          397    .ARM.Collect$$libinit$$0000000C  c_p.l(libinit2.o)
    0x00016126   0x00000000   Code   RO          400    .ARM.Collect$$libinit$$0000000F  c_p.l(libinit2.o)
    0x00016126   0x00000000   Code   RO          402    .ARM.Collect$$libinit$$00000011  c_p.l(libinit2.o)
    0x00016126   0x00000000   Code   RO          404    .ARM.Collect$$libinit$$00000013  c_p.l(libinit2.o)
    0x00016126   0x00000000   Code   RO          406    .ARM.Collect$$libinit$$00000015  c_p.l(libinit2.o)
    0x00016126   0x00000000   Code   RO          408    .ARM.Collect$$libinit$$00000017  c_p.l(libinit2.o)
    0x00016126   0x00000000   Code   RO          410    .ARM.Collect$$libinit$$00000019  c_p.l(libinit2.o)
    0x00016126   0x00000000   Code   RO          412    .ARM.Collect$$libinit$$0000001B  c_p.l(libinit2.o)
    0x00016126   0x00000000   Code   RO          414    .ARM.Collect$$libinit$$0000001D  c_p.l(libinit2.o)
    0x00016126   0x00000000   Code   RO          416    .ARM.Collect$$libinit$$0000001F  c_p.l(libinit2.o)
    0x00016126   0x00000000   Code   RO          418    .ARM.Collect$$libinit$$00000021  c_p.l(libinit2.o)
    0x00016126   0x00000000   Code   RO          420    .ARM.Collect$$libinit$$00000023  c_p.l(libinit2.o)
    0x00016126   0x00000000   Code   RO          424    .ARM.Collect$$libinit$$0000002A  c_p.l(libinit2.o)
    0x00016126   0x00000000   Code   RO          426    .ARM.Collect$$libinit$$0000002C  c_p.l(libinit2.o)
    0x00016126   0x00000000   Code   RO          428    .ARM.Collect$$libinit$$0000002E  c_p.l(libinit2.o)
    0x00016126   0x00000000   Code   RO          430    .ARM.Collect$$libinit$$00000030  c_p.l(libinit2.o)
    0x00016126   0x00000002   Code   RO          431    .ARM.Collect$$libinit$$00000031  c_p.l(libinit2.o)
    0x00016128   0x00000002   Code   RO          462    .ARM.Collect$$libshutdown$$00000000  c_p.l(libshutdown.o)
    0x0001612a   0x00000000   Code   RO          489    .ARM.Collect$$libshutdown$$00000003  c_p.l(libshutdown2.o)
    0x0001612a   0x00000000   Code   RO          492    .ARM.Collect$$libshutdown$$00000006  c_p.l(libshutdown2.o)
    0x0001612a   0x00000000   Code   RO          495    .ARM.Collect$$libshutdown$$00000009  c_p.l(libshutdown2.o)
    0x0001612a   0x00000000   Code   RO          497    .ARM.Collect$$libshutdown$$0000000B  c_p.l(libshutdown2.o)
    0x0001612a   0x00000000   Code   RO          500    .ARM.Collect$$libshutdown$$0000000E  c_p.l(libshutdown2.o)
    0x0001612a   0x00000002   Code   RO          501    .ARM.Collect$$libshutdown$$0000000F  c_p.l(libshutdown2.o)
    0x0001612c   0x00000000   Code   RO          340    .ARM.Collect$$rtentry$$00000000  c_p.l(rtentry.o)
    0x0001612c   0x00000000   Code   RO          346    .ARM.Collect$$rtentry$$00000002  c_p.l(rtentry2.o)
    0x0001612c   0x00000006   Code   RO          358    .ARM.Collect$$rtentry$$00000004  c_p.l(rtentry4.o)
    0x00016132   0x00000000   Code   RO          348    .ARM.Collect$$rtentry$$00000009  c_p.l(rtentry2.o)
    0x00016132   0x00000004   Code   RO          349    .ARM.Collect$$rtentry$$0000000A  c_p.l(rtentry2.o)
    0x00016136   0x00000000   Code   RO          351    .ARM.Collect$$rtentry$$0000000C  c_p.l(rtentry2.o)
    0x00016136   0x00000008   Code   RO          352    .ARM.Collect$$rtentry$$0000000D  c_p.l(rtentry2.o)
    0x0001613e   0x00000002   Code   RO          381    .ARM.Collect$$rtexit$$00000000  c_p.l(rtexit.o)
    0x00016140   0x00000000   Code   RO          435    .ARM.Collect$$rtexit$$00000002  c_p.l(rtexit2.o)
    0x00016140   0x00000004   Code   RO          436    .ARM.Collect$$rtexit$$00000003  c_p.l(rtexit2.o)
    0x00016144   0x00000006   Code   RO          437    .ARM.Collect$$rtexit$$00000004  c_p.l(rtexit2.o)
    0x0001614a   0x00000002   PAD
    0x0001614c   0x0000001e   Code   RO          272    .emb_text           nrf_delay.o
    0x0001616a   0x00000002   PAD
    0x0001616c   0x00000038   Code   RO          328    .emb_text           c_p.l(rt_memcpy.o)
    0x000161a4   0x00000048   Code   RO            4    .text               arm_startup_nrf51.o
    0x000161ec   0x000000e8   Code   RO           12    .text               system_nrf51.o
    0x000162d4   0x000002c0   Code   RO           69    .text               radio_control.o
    0x00016594   0x0000041c   Code   RO          143    .text               trickle.o
    0x000169b0   0x0000036c   Code   RO          194    .text               test_application.o
    0x00016d1c   0x00000504   Code   RO          241    .text               timeslot_handler.o
    0x00017220   0x0000001c   Code   RO          273    .text               nrf_delay.o
    0x0001723c   0x00000022   Code   RO          326    .text               c_p.l(llushr.o)
    0x0001725e   0x00000082   Code   RO          329    .text               c_p.l(rt_memcpy.o)
    0x000172e0   0x0000015a   Code   RO          332    .text               c_p.l(aeabi_sdiv.o)
    0x0001743a   0x00000006   Code   RO          336    .text               c_p.l(heapauxi.o)
    0x00017440   0x0000003e   Code   RO          362    .text               c_p.l(sys_stackheap_outer.o)
    0x0001747e   0x0000000c   Code   RO          365    .text               c_p.l(exit.o)
    0x0001748a   0x00000002   PAD
    0x0001748c   0x00000008   Code   RO          377    .text               c_p.l(libspace.o)
    0x00017494   0x0000000c   Code   RO          432    .text               c_p.l(sys_exit.o)
    0x000174a0   0x00000002   Code   RO          451    .text               c_p.l(use_no_semi.o)
    0x000174a2   0x00000000   Code   RO          453    .text               c_p.l(indicate_semi.o)
    0x000174a2   0x0000003a   Code   RO          504    .text               c_p.l(__dczerorl.o)
    0x000174dc   0x0000001c   Code   RO          262    i.__ARM_common_switch8  timeslot_handler.o
    0x000174f8   0x00000010   Data   RO          242    .constdata          timeslot_handler.o
    0x00017508   0x00000020   Data   RO          502    Region$$Table       anon$$obj.o


    Execution Region RW_IRAM1 (Base: 0x20002000, Size: 0x00001540, Max: 0x00002000, ABSOLUTE, COMPRESSED[0x00000050])

    Base Addr    Size         Type   Attr      Idx    E Section Name        Object

    0x20002000   0x00000004   Data   RW           13    .data               system_nrf51.o
    0x20002004   0x00000014   Data   RW           71    .data               radio_control.o
    0x20002018   0x0000000d   Data   RW          145    .data               trickle.o
    0x20002025   0x0000010b   Data   RW          196    .data               test_application.o
    0x20002130   0x00000044   Data   RW          243    .data               timeslot_handler.o
    0x20002174   0x00000100   Zero   RW           70    .bss                radio_control.o
    0x20002274   0x00000140   Zero   RW          144    .bss                trickle.o
    0x200023b4   0x00000128   Zero   RW          195    .bss                test_application.o
    0x200024dc   0x00000060   Zero   RW          378    .bss                c_p.l(libspace.o)
    0x2000253c   0x00000004   PAD
    0x20002540   0x00000800   Zero   RW            2    HEAP                arm_startup_nrf51.o
    0x20002d40   0x00000800   Zero   RW            1    STACK               arm_startup_nrf51.o


==============================================================================

Image component sizes


      Code (inc. data)   RO Data    RW Data    ZI Data      Debug   Object Name

        72         32        192          0       4096        624   arm_startup_nrf51.o
        58          4          0          0          0       1359   nrf_delay.o
       704         96          0         20        256      14557   radio_control.o
       232         30          0          4          0      21373   system_nrf51.o
       876         66          0        267        296       5844   test_application.o
      1312        160         16         68          0       4960   timeslot_handler.o
      1052         66          0         13        320       4812   trickle.o

    ----------------------------------------------------------------------
      4308        454        240        372       4968      53529   Object Totals
         0          0         32          0          0          0   (incl. Generated)
         2          0          0          0          0          0   (incl. Padding)

    ----------------------------------------------------------------------

      Code (inc. data)   RO Data    RW Data    ZI Data      Debug   Library Member Name

        58          0          0          0          0          0   __dczerorl.o
         8          0          0          0          0         68   __main.o
        60          8          0          0          0          0   __scatter.o
        28          0          0          0          0          0   __scatter_zi.o
       346          0          0          0          0         92   aeabi_sdiv.o
        12          0          0          0          0         64   exit.o
         6          0          0          0          0        136   heapauxi.o
         0          0          0          0          0          0   indicate_semi.o
         2          0          0          0          0          0   libinit.o
         6          0          0          0          0          0   libinit2.o
         2          0          0          0          0          0   libshutdown.o
         2          0          0          0          0          0   libshutdown2.o
         8          4          0          0         96         68   libspace.o
        34          0          0          0          0         68   llushr.o
       186          0          0          0          0        144   rt_memcpy.o
         0          0          0          0          0          0   rtentry.o
        12          0          0          0          0          0   rtentry2.o
         6          0          0          0          0          0   rtentry4.o
         2          0          0          0          0          0   rtexit.o
        10          0          0          0          0          0   rtexit2.o
        12          4          0          0          0         60   sys_exit.o
        62          0          0          0          0         80   sys_stackheap_outer.o
         2          0          0          0          0         68   use_no_semi.o

    ----------------------------------------------------------------------
       868         16          0          0        100        848   Library Totals
         4          0          0          0          4          0   (incl. Padding)

    ----------------------------------------------------------------------

      Code (inc. data)   RO Data    RW Data    ZI Data      Debug   Library Name

       864         16          0          0         96        848   c_p.l

    ----------------------------------------------------------------------
       868         16          0          0        100        848   Library Totals

    ----------------------------------------------------------------------

==============================================================================


      Code (inc. data)   RO Data    RW Data    ZI Data      Debug   

      5176        470        240        372       5068      53561   Grand Totals
      5176        470        240         80       5068      53561   ELF Image Totals (compressed)
      5176        470        240         80          0          0   ROM Totals

==============================================================================

    Total RO  Size (Code + RO Data)                 5416 (   5.29kB)
    Total RW  Size (RW Data + ZI Data)              5440 (   5.31kB)
    Total ROM Size (Code + RO Data + RW Data)       5496 (   5.37kB)

==============================================================================

