Product: MDK-ARM Lite 5.10
Component: ARM Compiler 5.04 update 1 (build 49)
Tool: armlink [5040049]

==============================================================================

Section Cross References

    arm_startup_nrf51.o(STACK) refers (Special) to heapauxi.o(.text) for __use_two_region_memory
    arm_startup_nrf51.o(HEAP) refers (Special) to heapauxi.o(.text) for __use_two_region_memory
    arm_startup_nrf51.o(RESET) refers (Special) to heapauxi.o(.text) for __use_two_region_memory
    arm_startup_nrf51.o(RESET) refers to arm_startup_nrf51.o(STACK) for __initial_sp
    arm_startup_nrf51.o(RESET) refers to arm_startup_nrf51.o(.text) for Reset_Handler
    arm_startup_nrf51.o(RESET) refers to timeslot_handler.o(.text) for SWI2_IRQHandler
    arm_startup_nrf51.o(.text) refers (Special) to heapauxi.o(.text) for __use_two_region_memory
    arm_startup_nrf51.o(.text) refers to system_nrf51.o(.text) for SystemInit
    arm_startup_nrf51.o(.text) refers to __main.o(!!!main) for __main
    arm_startup_nrf51.o(.text) refers to arm_startup_nrf51.o(HEAP) for Heap_Mem
    arm_startup_nrf51.o(.text) refers to arm_startup_nrf51.o(STACK) for Stack_Mem
    system_nrf51.o(.text) refers to system_nrf51.o(.data) for SystemCoreClock
    radio_control.o(.text) refers to timeslot_handler.o(.text) for app_error_handler
    radio_control.o(.text) refers to timer_control.o(.text) for timer_get_timestamp
    radio_control.o(.text) refers to radio_control.o(.data) for radio_fifo_tail
    radio_control.o(.text) refers to radio_control.o(.bss) for radio_fifo_queue
    radio_control.o(.text) refers to radio_control.o(.constdata) for .constdata
    radio_control.o(.data) refers to radio_control.o(.bss) for rx_data_buf
    trickle.o(.text) refers to aeabi_sdiv.o(.text) for __aeabi_uidivmod
    trickle.o(.text) refers to trickle.o(.data) for rng_index
    trickle.o(.text) refers to trickle.o(.bss) for rng_vals
    test_application.o(.text) refers to drip_control.o(.text) for drip_init
    test_application.o(.text) refers to timeslot_handler.o(.text) for timeslot_handler_init
    test_application.o(.text) refers to test_application.o(.data) for led_data
    timeslot_handler.o(.text) refers to rt_memclr.o(.text) for __aeabi_memclr
    timeslot_handler.o(.text) refers to llushr.o(.text) for __aeabi_llsr
    timeslot_handler.o(.text) refers to rt_memcpy.o(.text) for __aeabi_memcpy
    timeslot_handler.o(.text) refers to aeabi_sdiv.o(.text) for __aeabi_uidivmod
    timeslot_handler.o(.text) refers to trickle.o(.text) for trickle_timer_reset
    timeslot_handler.o(.text) refers to drip_control.o(.text) for drip_packet_dissect
    timeslot_handler.o(.text) refers to nrf_delay.o(.text) for nrf_delay_ms
    timeslot_handler.o(.text) refers to timeslot_handler.o(i.__ARM_common_switch8) for __ARM_common_switch8
    timeslot_handler.o(.text) refers to timeslot_handler.o(.data) for radio_request_earliest
    timeslot_handler.o(.text) refers to timeslot_handler.o(.bss) for tx_buffer
    timeslot_handler.o(.text) refers to radio_control.o(.text) for radio_init
    timeslot_handler.o(.text) refers to timeslot_handler.o(.constdata) for radio_signal_cb_ret_param_none
    drip_control.o(.text) refers to trickle.o(.text) for trickle_rx_consistent
    drip_control.o(.text) refers to timeslot_handler.o(.text) for sync_drip_rx
    drip_control.o(.text) refers to rt_memcpy.o(.text) for __aeabi_memcpy
    drip_control.o(.text) refers to drip_control.o(.bss) for g_drip_pool
    timer_control.o(.text) refers to timeslot_handler.o(.text) for app_error_handler
    timer_control.o(.text) refers to timer_control.o(.data) for never_used_bitmap
    timer_control.o(.text) refers to timer_control.o(.bss) for callbacks
    nrf_delay.o(.text) refers to nrf_delay.o(.emb_text) for __asm___11_nrf_delay_c_532987f3__nrf_delay_us
    simple_uart.o(.text) refers to simple_uart.o(.emb_text) for __asm___13_simple_uart_c_5dda6715__nrf_delay_us
    rt_memcpy.o(.text) refers to rt_memcpy.o(.emb_text) for __aeabi_memcpy4
    __main.o(!!!main) refers to rtentry.o(.ARM.Collect$$rtentry$$00000000) for __rt_entry
    rtentry.o(.ARM.Collect$$rtentry$$00000000) refers (Special) to rtentry2.o(.ARM.Collect$$rtentry$$0000000A) for __rt_entry_li
    rtentry.o(.ARM.Collect$$rtentry$$00000000) refers (Special) to rtentry2.o(.ARM.Collect$$rtentry$$0000000D) for __rt_entry_main
    rtentry.o(.ARM.Collect$$rtentry$$00000000) refers (Special) to rtentry2.o(.ARM.Collect$$rtentry$$0000000C) for __rt_entry_postli_1
    rtentry.o(.ARM.Collect$$rtentry$$00000000) refers (Special) to rtentry2.o(.ARM.Collect$$rtentry$$00000009) for __rt_entry_postsh_1
    rtentry.o(.ARM.Collect$$rtentry$$00000000) refers (Special) to rtentry2.o(.ARM.Collect$$rtentry$$00000002) for __rt_entry_presh_1
    rtentry.o(.ARM.Collect$$rtentry$$00000000) refers (Special) to rtentry4.o(.ARM.Collect$$rtentry$$00000004) for __rt_entry_sh
    aeabi_idiv0_sigfpe.o(.text) refers to rt_div0.o(.text) for __rt_div0
    rtentry2.o(.ARM.Collect$$rtentry$$00000008) refers to boardinit2.o(.text) for _platform_post_stackheap_init
    rtentry2.o(.ARM.Collect$$rtentry$$0000000A) refers to libinit.o(.ARM.Collect$$libinit$$00000000) for __rt_lib_init
    rtentry2.o(.ARM.Collect$$rtentry$$0000000B) refers to boardinit3.o(.text) for _platform_post_lib_init
    rtentry2.o(.ARM.Collect$$rtentry$$0000000D) refers to test_application.o(.text) for main
    rtentry2.o(.ARM.Collect$$rtentry$$0000000D) refers to exit.o(.text) for exit
    rtentry2.o(.ARM.exidx) refers to rtentry2.o(.ARM.Collect$$rtentry$$00000001) for .ARM.Collect$$rtentry$$00000001
    rtentry2.o(.ARM.exidx) refers to rtentry2.o(.ARM.Collect$$rtentry$$00000008) for .ARM.Collect$$rtentry$$00000008
    rtentry2.o(.ARM.exidx) refers to rtentry2.o(.ARM.Collect$$rtentry$$0000000A) for .ARM.Collect$$rtentry$$0000000A
    rtentry2.o(.ARM.exidx) refers to rtentry2.o(.ARM.Collect$$rtentry$$0000000B) for .ARM.Collect$$rtentry$$0000000B
    rtentry2.o(.ARM.exidx) refers to rtentry2.o(.ARM.Collect$$rtentry$$0000000D) for .ARM.Collect$$rtentry$$0000000D
    rtentry4.o(.ARM.Collect$$rtentry$$00000004) refers to sys_stackheap_outer.o(.text) for __user_setup_stackheap
    rtentry4.o(.ARM.exidx) refers to rtentry4.o(.ARM.Collect$$rtentry$$00000004) for .ARM.Collect$$rtentry$$00000004
    rt_div0.o(.text) refers to defsig_fpe_outer.o(.text) for __rt_SIGFPE
    sys_stackheap_outer.o(.text) refers to libspace.o(.text) for __user_perproc_libspace
    sys_stackheap_outer.o(.text) refers to arm_startup_nrf51.o(.text) for __user_initial_stackheap
    sys_stackheap_outer.o(__vectab_stack_and_reset_area) refers to tempstk.o(.text) for __temporary_stack_top
    sys_stackheap_outer.o(__vectab_stack_and_reset_area) refers to __main.o(!!!main) for __main
    exit.o(.text) refers to rtexit.o(.ARM.Collect$$rtexit$$00000000) for __rt_exit
    defsig_fpe_outer.o(.text) refers to defsig_fpe_inner.o(.text) for __rt_SIGFPE_inner
    defsig_fpe_outer.o(.text) refers to defsig_exit.o(.text) for __sig_exit
    defsig_fpe_formal.o(.text) refers to rt_raise.o(.text) for __rt_raise
    libinit.o(.ARM.Collect$$libinit$$00000000) refers (Special) to libinit2.o(.ARM.Collect$$libinit$$0000002C) for __rt_lib_init_alloca_1
    libinit.o(.ARM.Collect$$libinit$$00000000) refers (Special) to libinit2.o(.ARM.Collect$$libinit$$0000002A) for __rt_lib_init_argv_1
    libinit.o(.ARM.Collect$$libinit$$00000000) refers (Special) to libinit2.o(.ARM.Collect$$libinit$$00000019) for __rt_lib_init_atexit_1
    libinit.o(.ARM.Collect$$libinit$$00000000) refers (Special) to libinit2.o(.ARM.Collect$$libinit$$0000001F) for __rt_lib_init_clock_1
    libinit.o(.ARM.Collect$$libinit$$00000000) refers (Special) to libinit2.o(.ARM.Collect$$libinit$$00000030) for __rt_lib_init_cpp_1
    libinit.o(.ARM.Collect$$libinit$$00000000) refers (Special) to libinit2.o(.ARM.Collect$$libinit$$0000002E) for __rt_lib_init_exceptions_1
    libinit.o(.ARM.Collect$$libinit$$00000000) refers (Special) to libinit2.o(.ARM.Collect$$libinit$$00000001) for __rt_lib_init_fp_1
    libinit.o(.ARM.Collect$$libinit$$00000000) refers (Special) to libinit2.o(.ARM.Collect$$libinit$$0000001D) for __rt_lib_init_fp_trap_1
    libinit.o(.ARM.Collect$$libinit$$00000000) refers (Special) to libinit2.o(.ARM.Collect$$libinit$$00000021) for __rt_lib_init_getenv_1
    libinit.o(.ARM.Collect$$libinit$$00000000) refers (Special) to libinit2.o(.ARM.Collect$$libinit$$00000008) for __rt_lib_init_heap_1
    libinit.o(.ARM.Collect$$libinit$$00000000) refers (Special) to libinit2.o(.ARM.Collect$$libinit$$0000000F) for __rt_lib_init_lc_collate_1
    libinit.o(.ARM.Collect$$libinit$$00000000) refers (Special) to libinit2.o(.ARM.Collect$$libinit$$00000011) for __rt_lib_init_lc_ctype_1
    libinit.o(.ARM.Collect$$libinit$$00000000) refers (Special) to libinit2.o(.ARM.Collect$$libinit$$00000013) for __rt_lib_init_lc_monetary_1
    libinit.o(.ARM.Collect$$libinit$$00000000) refers (Special) to libinit2.o(.ARM.Collect$$libinit$$00000015) for __rt_lib_init_lc_numeric_1
    libinit.o(.ARM.Collect$$libinit$$00000000) refers (Special) to libinit2.o(.ARM.Collect$$libinit$$00000017) for __rt_lib_init_lc_time_1
    libinit.o(.ARM.Collect$$libinit$$00000000) refers (Special) to libinit2.o(.ARM.Collect$$libinit$$0000000C) for __rt_lib_init_rand_1
    libinit.o(.ARM.Collect$$libinit$$00000000) refers (Special) to libinit2.o(.ARM.Collect$$libinit$$00000031) for __rt_lib_init_return
    libinit.o(.ARM.Collect$$libinit$$00000000) refers (Special) to libinit2.o(.ARM.Collect$$libinit$$0000001B) for __rt_lib_init_signal_1
    libinit.o(.ARM.Collect$$libinit$$00000000) refers (Special) to libinit2.o(.ARM.Collect$$libinit$$00000023) for __rt_lib_init_stdio_1
    libinit.o(.ARM.Collect$$libinit$$00000000) refers (Special) to libinit2.o(.ARM.Collect$$libinit$$0000000A) for __rt_lib_init_user_alloc_1
    libspace.o(.text) refers to libspace.o(.bss) for __libspace_start
    rtexit.o(.ARM.Collect$$rtexit$$00000000) refers (Special) to rtexit2.o(.ARM.Collect$$rtexit$$00000004) for __rt_exit_exit
    rtexit.o(.ARM.Collect$$rtexit$$00000000) refers (Special) to rtexit2.o(.ARM.Collect$$rtexit$$00000003) for __rt_exit_ls
    rtexit.o(.ARM.Collect$$rtexit$$00000000) refers (Special) to rtexit2.o(.ARM.Collect$$rtexit$$00000002) for __rt_exit_prels_1
    rtexit.o(.ARM.exidx) refers (Special) to rtexit2.o(.ARM.Collect$$rtexit$$00000004) for __rt_exit_exit
    rtexit.o(.ARM.exidx) refers (Special) to rtexit2.o(.ARM.Collect$$rtexit$$00000003) for __rt_exit_ls
    rtexit.o(.ARM.exidx) refers (Special) to rtexit2.o(.ARM.Collect$$rtexit$$00000002) for __rt_exit_prels_1
    rtexit.o(.ARM.exidx) refers to rtexit.o(.ARM.Collect$$rtexit$$00000000) for .ARM.Collect$$rtexit$$00000000
    rt_raise.o(.text) refers to __raise.o(.text) for __raise
    rt_raise.o(.text) refers to sys_exit.o(.text) for _sys_exit
    defsig_exit.o(.text) refers to sys_exit.o(.text) for _sys_exit
    defsig_fpe_inner.o(.text) refers to defsig_general.o(.text) for __default_signal_display
    libinit2.o(.ARM.Collect$$libinit$$0000000E) refers to libinit2.o(.ARM.Collect$$libinit$$0000000D) for .ARM.Collect$$libinit$$0000000D
    libinit2.o(.ARM.Collect$$libinit$$00000010) refers to libinit2.o(.ARM.Collect$$libinit$$0000000D) for .ARM.Collect$$libinit$$0000000D
    libinit2.o(.ARM.Collect$$libinit$$00000012) refers to libinit2.o(.ARM.Collect$$libinit$$0000000D) for .ARM.Collect$$libinit$$0000000D
    libinit2.o(.ARM.Collect$$libinit$$00000014) refers to libinit2.o(.ARM.Collect$$libinit$$0000000D) for .ARM.Collect$$libinit$$0000000D
    libinit2.o(.ARM.Collect$$libinit$$00000016) refers to libinit2.o(.ARM.Collect$$libinit$$0000000D) for .ARM.Collect$$libinit$$0000000D
    libinit2.o(.ARM.Collect$$libinit$$00000024) refers to argv_veneer.o(.text) for __ARM_argv_veneer
    libinit2.o(.ARM.Collect$$libinit$$00000025) refers to argv_veneer.o(.text) for __ARM_argv_veneer
    sys_exit.o(.text) refers (Special) to use_no_semi.o(.text) for __I$use$semihosting
    sys_exit.o(.text) refers (Special) to indicate_semi.o(.text) for __semihosting_library_function
    rtexit2.o(.ARM.Collect$$rtexit$$00000003) refers to libshutdown.o(.ARM.Collect$$libshutdown$$00000000) for __rt_lib_shutdown
    rtexit2.o(.ARM.Collect$$rtexit$$00000004) refers to sys_exit.o(.text) for _sys_exit
    rtexit2.o(.ARM.exidx) refers to rtexit2.o(.ARM.Collect$$rtexit$$00000001) for .ARM.Collect$$rtexit$$00000001
    rtexit2.o(.ARM.exidx) refers to rtexit2.o(.ARM.Collect$$rtexit$$00000003) for .ARM.Collect$$rtexit$$00000003
    rtexit2.o(.ARM.exidx) refers to rtexit2.o(.ARM.Collect$$rtexit$$00000004) for .ARM.Collect$$rtexit$$00000004
    __raise.o(.text) refers to defsig.o(CL$$defsig) for __default_signal_handler
    defsig_general.o(.text) refers to sys_wrch.o(.text) for _ttywrch
    sys_wrch.o(.text) refers (Special) to use_no_semi.o(.text) for __I$use$semihosting
    sys_wrch.o(.text) refers (Special) to indicate_semi.o(.text) for __semihosting_library_function
    defsig.o(CL$$defsig) refers to defsig_fpe_inner.o(.text) for __rt_SIGFPE_inner
    defsig.o(CL$$defsig) refers to defsig_rtmem_inner.o(.text) for __rt_SIGRTMEM_inner
    _get_argv_nomalloc.o(.text) refers (Special) to hrguard.o(.text) for __heap_region$guard
    _get_argv_nomalloc.o(.text) refers to defsig_rtmem_outer.o(.text) for __rt_SIGRTMEM
    _get_argv_nomalloc.o(.text) refers to sys_command.o(.text) for _sys_command_string
    libshutdown.o(.ARM.Collect$$libshutdown$$00000000) refers (Special) to libshutdown2.o(.ARM.Collect$$libshutdown$$00000006) for __rt_lib_shutdown_fp_trap_1
    libshutdown.o(.ARM.Collect$$libshutdown$$00000000) refers (Special) to libshutdown2.o(.ARM.Collect$$libshutdown$$0000000E) for __rt_lib_shutdown_heap_1
    libshutdown.o(.ARM.Collect$$libshutdown$$00000000) refers (Special) to libshutdown2.o(.ARM.Collect$$libshutdown$$0000000F) for __rt_lib_shutdown_return
    libshutdown.o(.ARM.Collect$$libshutdown$$00000000) refers (Special) to libshutdown2.o(.ARM.Collect$$libshutdown$$00000009) for __rt_lib_shutdown_signal_1
    libshutdown.o(.ARM.Collect$$libshutdown$$00000000) refers (Special) to libshutdown2.o(.ARM.Collect$$libshutdown$$00000003) for __rt_lib_shutdown_stdio_1
    libshutdown.o(.ARM.Collect$$libshutdown$$00000000) refers (Special) to libshutdown2.o(.ARM.Collect$$libshutdown$$0000000B) for __rt_lib_shutdown_user_alloc_1
    sys_command.o(.text) refers (Special) to use_no_semi.o(.text) for __I$use$semihosting
    sys_command.o(.text) refers (Special) to indicate_semi.o(.text) for __semihosting_library_function
    defsig_abrt_inner.o(.text) refers to defsig_general.o(.text) for __default_signal_display
    defsig_rtred_inner.o(.text) refers to defsig_general.o(.text) for __default_signal_display
    defsig_rtmem_inner.o(.text) refers to defsig_general.o(.text) for __default_signal_display
    defsig_rtmem_outer.o(.text) refers to defsig_rtmem_inner.o(.text) for __rt_SIGRTMEM_inner
    defsig_rtmem_outer.o(.text) refers to defsig_exit.o(.text) for __sig_exit
    defsig_rtmem_formal.o(.text) refers to rt_raise.o(.text) for __rt_raise
    defsig_stak_inner.o(.text) refers to defsig_general.o(.text) for __default_signal_display
    defsig_pvfn_inner.o(.text) refers to defsig_general.o(.text) for __default_signal_display
    defsig_cppl_inner.o(.text) refers to defsig_general.o(.text) for __default_signal_display
    defsig_segv_inner.o(.text) refers to defsig_general.o(.text) for __default_signal_display
    defsig_other.o(.text) refers to defsig_general.o(.text) for __default_signal_display


==============================================================================

Removing Unused input sections from the image.

    Removing system_nrf51.o(.rev16_text), (4 bytes).
    Removing system_nrf51.o(.revsh_text), (4 bytes).
    Removing radio_control.o(.rev16_text), (4 bytes).
    Removing radio_control.o(.revsh_text), (4 bytes).
    Removing trickle.o(.rev16_text), (4 bytes).
    Removing trickle.o(.revsh_text), (4 bytes).
    Removing rebroadcast.o(.rev16_text), (4 bytes).
    Removing rebroadcast.o(.revsh_text), (4 bytes).
    Removing test_application.o(.rev16_text), (4 bytes).
    Removing test_application.o(.revsh_text), (4 bytes).
    Removing test_application.o(.emb_text), (30 bytes).
    Removing timeslot_handler.o(.rev16_text), (4 bytes).
    Removing timeslot_handler.o(.revsh_text), (4 bytes).
    Removing timeslot_handler.o(.emb_text), (30 bytes).
    Removing drip_control.o(.rev16_text), (4 bytes).
    Removing drip_control.o(.revsh_text), (4 bytes).
    Removing timer_control.o(.rev16_text), (4 bytes).
    Removing timer_control.o(.revsh_text), (4 bytes).
    Removing nrf_delay.o(.rev16_text), (4 bytes).
    Removing nrf_delay.o(.revsh_text), (4 bytes).
    Removing simple_uart.o(.rev16_text), (4 bytes).
    Removing simple_uart.o(.revsh_text), (4 bytes).
    Removing simple_uart.o(.emb_text), (30 bytes).
    Removing simple_uart.o(.text), (284 bytes).

24 unused section(s) (total 454 bytes) removed from the image.

==============================================================================

Memory Map of the image

  Image Entry point : 0x00000000

  Load Region LR_IROM1 (Base: 0x00016000, Size: 0x000021a4, Max: 0x00029000, ABSOLUTE)

    Execution Region ER_IROM1 (Base: 0x00016000, Size: 0x00002124, Max: 0x00029000, ABSOLUTE)

    Base Addr    Size         Type   Attr      Idx    E Section Name        Object

    0x00016000   0x000000c0   Data   RO            3    RESET               arm_startup_nrf51.o
    0x000160c0   0x00000008   Code   RO          392  * !!!main             c_p.l(__main.o)
    0x000160c8   0x00000002   Code   RO          430    .ARM.Collect$$libinit$$00000000  c_p.l(libinit.o)
    0x000160ca   0x00000004   Code   RO          443    .ARM.Collect$$libinit$$00000001  c_p.l(libinit2.o)
    0x000160ce   0x00000000   Code   RO          447    .ARM.Collect$$libinit$$00000008  c_p.l(libinit2.o)
    0x000160ce   0x00000000   Code   RO          449    .ARM.Collect$$libinit$$0000000A  c_p.l(libinit2.o)
    0x000160ce   0x00000000   Code   RO          451    .ARM.Collect$$libinit$$0000000C  c_p.l(libinit2.o)
    0x000160ce   0x00000000   Code   RO          454    .ARM.Collect$$libinit$$0000000F  c_p.l(libinit2.o)
    0x000160ce   0x00000000   Code   RO          456    .ARM.Collect$$libinit$$00000011  c_p.l(libinit2.o)
    0x000160ce   0x00000000   Code   RO          458    .ARM.Collect$$libinit$$00000013  c_p.l(libinit2.o)
    0x000160ce   0x00000000   Code   RO          460    .ARM.Collect$$libinit$$00000015  c_p.l(libinit2.o)
    0x000160ce   0x00000000   Code   RO          462    .ARM.Collect$$libinit$$00000017  c_p.l(libinit2.o)
    0x000160ce   0x00000000   Code   RO          464    .ARM.Collect$$libinit$$00000019  c_p.l(libinit2.o)
    0x000160ce   0x00000000   Code   RO          466    .ARM.Collect$$libinit$$0000001B  c_p.l(libinit2.o)
    0x000160ce   0x00000000   Code   RO          468    .ARM.Collect$$libinit$$0000001D  c_p.l(libinit2.o)
    0x000160ce   0x00000000   Code   RO          470    .ARM.Collect$$libinit$$0000001F  c_p.l(libinit2.o)
    0x000160ce   0x00000000   Code   RO          472    .ARM.Collect$$libinit$$00000021  c_p.l(libinit2.o)
    0x000160ce   0x00000000   Code   RO          474    .ARM.Collect$$libinit$$00000023  c_p.l(libinit2.o)
    0x000160ce   0x00000000   Code   RO          478    .ARM.Collect$$libinit$$0000002A  c_p.l(libinit2.o)
    0x000160ce   0x00000000   Code   RO          480    .ARM.Collect$$libinit$$0000002C  c_p.l(libinit2.o)
    0x000160ce   0x00000000   Code   RO          482    .ARM.Collect$$libinit$$0000002E  c_p.l(libinit2.o)
    0x000160ce   0x00000000   Code   RO          484    .ARM.Collect$$libinit$$00000030  c_p.l(libinit2.o)
    0x000160ce   0x00000002   Code   RO          485    .ARM.Collect$$libinit$$00000031  c_p.l(libinit2.o)
    0x000160d0   0x00000002   Code   RO          516    .ARM.Collect$$libshutdown$$00000000  c_p.l(libshutdown.o)
    0x000160d2   0x00000000   Code   RO          543    .ARM.Collect$$libshutdown$$00000003  c_p.l(libshutdown2.o)
    0x000160d2   0x00000000   Code   RO          546    .ARM.Collect$$libshutdown$$00000006  c_p.l(libshutdown2.o)
    0x000160d2   0x00000000   Code   RO          549    .ARM.Collect$$libshutdown$$00000009  c_p.l(libshutdown2.o)
    0x000160d2   0x00000000   Code   RO          551    .ARM.Collect$$libshutdown$$0000000B  c_p.l(libshutdown2.o)
    0x000160d2   0x00000000   Code   RO          554    .ARM.Collect$$libshutdown$$0000000E  c_p.l(libshutdown2.o)
    0x000160d2   0x00000002   Code   RO          555    .ARM.Collect$$libshutdown$$0000000F  c_p.l(libshutdown2.o)
    0x000160d4   0x00000000   Code   RO          394    .ARM.Collect$$rtentry$$00000000  c_p.l(rtentry.o)
    0x000160d4   0x00000000   Code   RO          400    .ARM.Collect$$rtentry$$00000002  c_p.l(rtentry2.o)
    0x000160d4   0x00000006   Code   RO          412    .ARM.Collect$$rtentry$$00000004  c_p.l(rtentry4.o)
    0x000160da   0x00000000   Code   RO          402    .ARM.Collect$$rtentry$$00000009  c_p.l(rtentry2.o)
    0x000160da   0x00000004   Code   RO          403    .ARM.Collect$$rtentry$$0000000A  c_p.l(rtentry2.o)
    0x000160de   0x00000000   Code   RO          405    .ARM.Collect$$rtentry$$0000000C  c_p.l(rtentry2.o)
    0x000160de   0x00000008   Code   RO          406    .ARM.Collect$$rtentry$$0000000D  c_p.l(rtentry2.o)
    0x000160e6   0x00000002   Code   RO          435    .ARM.Collect$$rtexit$$00000000  c_p.l(rtexit.o)
    0x000160e8   0x00000000   Code   RO          489    .ARM.Collect$$rtexit$$00000002  c_p.l(rtexit2.o)
    0x000160e8   0x00000004   Code   RO          490    .ARM.Collect$$rtexit$$00000003  c_p.l(rtexit2.o)
    0x000160ec   0x00000006   Code   RO          491    .ARM.Collect$$rtexit$$00000004  c_p.l(rtexit2.o)
    0x000160f2   0x00000002   PAD
    0x000160f4   0x0000001e   Code   RO          324    .emb_text           nrf_delay.o
    0x00016112   0x00000002   PAD
    0x00016114   0x00000038   Code   RO          380    .emb_text           c_p.l(rt_memcpy.o)
    0x0001614c   0x00000048   Code   RO            4    .text               arm_startup_nrf51.o
    0x00016194   0x000000e8   Code   RO           12    .text               system_nrf51.o
    0x0001627c   0x00000598   Code   RO           69    .text               radio_control.o
    0x00016814   0x00000208   Code   RO          149    .text               trickle.o
    0x00016a1c   0x00000114   Code   RO          196    .text               test_application.o
    0x00016b30   0x00000a44   Code   RO          241    .text               timeslot_handler.o
    0x00017574   0x000004f0   Code   RO          273    .text               drip_control.o
    0x00017a64   0x000003c4   Code   RO          295    .text               timer_control.o
    0x00017e28   0x0000001c   Code   RO          325    .text               nrf_delay.o
    0x00017e44   0x00000022   Code   RO          378    .text               c_p.l(llushr.o)
    0x00017e66   0x00000082   Code   RO          381    .text               c_p.l(rt_memcpy.o)
    0x00017ee8   0x00000040   Code   RO          384    .text               c_p.l(rt_memclr.o)
    0x00017f28   0x0000015a   Code   RO          386    .text               c_p.l(aeabi_sdiv.o)
    0x00018082   0x00000006   Code   RO          390    .text               c_p.l(heapauxi.o)
    0x00018088   0x0000003e   Code   RO          416    .text               c_p.l(sys_stackheap_outer.o)
    0x000180c6   0x0000000c   Code   RO          419    .text               c_p.l(exit.o)
    0x000180d2   0x00000002   PAD
    0x000180d4   0x00000008   Code   RO          431    .text               c_p.l(libspace.o)
    0x000180dc   0x0000000c   Code   RO          486    .text               c_p.l(sys_exit.o)
    0x000180e8   0x00000002   Code   RO          505    .text               c_p.l(use_no_semi.o)
    0x000180ea   0x00000000   Code   RO          507    .text               c_p.l(indicate_semi.o)
    0x000180ea   0x0000001c   Code   RO          263    i.__ARM_common_switch8  timeslot_handler.o
    0x00018106   0x00000002   PAD
    0x00018108   0x0000000c   Data   RO           71    .constdata          radio_control.o
    0x00018114   0x00000010   Data   RO          243    .constdata          timeslot_handler.o
    0x00018124   0x00000000   Data   RO          556    Region$$Table       anon$$obj.o


    Execution Region RW_IRAM1 (Base: 0x20002000, Size: 0x00001538, Max: 0x00002000, ABSOLUTE)

    Base Addr    Size         Type   Attr      Idx    E Section Name        Object

    0x20002000   0x00000004   Data   RW           13    .data               system_nrf51.o
    0x20002004   0x0000001b   Data   RW           72    .data               radio_control.o
    0x2000201f   0x00000001   PAD
    0x20002020   0x00000011   Data   RW          151    .data               trickle.o
    0x20002031   0x00000001   Data   RW          197    .data               test_application.o
    0x20002032   0x00000002   PAD
    0x20002034   0x0000003d   Data   RW          244    .data               timeslot_handler.o
    0x20002071   0x00000003   PAD
    0x20002074   0x0000000c   Data   RW          297    .data               timer_control.o
    0x20002080   0x00000240   Zero   RW           70    .bss                radio_control.o
    0x200022c0   0x00000040   Zero   RW          150    .bss                trickle.o
    0x20002300   0x00000028   Zero   RW          242    .bss                timeslot_handler.o
    0x20002328   0x000001a0   Zero   RW          274    .bss                drip_control.o
    0x200024c8   0x00000010   Zero   RW          296    .bss                timer_control.o
    0x200024d8   0x00000060   Zero   RW          432    .bss                c_p.l(libspace.o)
    0x20002538   0x00000800   Zero   RW            2    HEAP                arm_startup_nrf51.o
    0x20002d38   0x00000800   Zero   RW            1    STACK               arm_startup_nrf51.o

