ARM Linker, 5.03 [Build 76] [MDK-ARM Lite]

==============================================================================

Section Cross References

    arm_startup_nrf51.o(STACK) refers (Special) to heapauxi.o(.text) for __use_two_region_memory
    arm_startup_nrf51.o(HEAP) refers (Special) to heapauxi.o(.text) for __use_two_region_memory
    arm_startup_nrf51.o(RESET) refers (Special) to heapauxi.o(.text) for __use_two_region_memory
    arm_startup_nrf51.o(RESET) refers to arm_startup_nrf51.o(STACK) for __initial_sp
    arm_startup_nrf51.o(RESET) refers to arm_startup_nrf51.o(.text) for Reset_Handler
    arm_startup_nrf51.o(RESET) refers to radio_control.o(.text) for RADIO_IRQHandler
    arm_startup_nrf51.o(RESET) refers to app_timer.o(.text) for RTC1_IRQHandler
    arm_startup_nrf51.o(.text) refers (Special) to heapauxi.o(.text) for __use_two_region_memory
    arm_startup_nrf51.o(.text) refers to system_nrf51.o(.text) for SystemInit
    arm_startup_nrf51.o(.text) refers to __main.o(!!!main) for __main
    arm_startup_nrf51.o(.text) refers to arm_startup_nrf51.o(HEAP) for Heap_Mem
    arm_startup_nrf51.o(.text) refers to arm_startup_nrf51.o(STACK) for Stack_Mem
    system_nrf51.o(.text) refers to system_nrf51.o(.data) for SystemCoreClock
    main.o(.text) refers to nrf_delay.o(.text) for nrf_delay_ms
    main.o(.text) refers to llushr.o(.text) for __aeabi_llsr
    main.o(.text) refers to rt_memcpy.o(.text) for __aeabi_memcpy
    main.o(.text) refers to radio_control.o(.text) for radio_tx
    main.o(.text) refers to trickle.o(.text) for trickle_rx_consistent
    main.o(.text) refers to main.o(.data) for tx_data
    main.o(.text) refers to main.o(.bss) for trickle
    main.o(.text) refers to radio_control.o(.data) for radio_aborted
    radio_control.o(.text) refers to main.o(.text) for eval_msg
    radio_control.o(.text) refers to trickle.o(.text) for trickle_sync
    radio_control.o(.text) refers to radio_control.o(.data) for global_state
    radio_control.o(.text) refers to main.o(.bss) for rx_data
    radio_control.o(.text) refers to main.o(.data) for tx_data
    trickle.o(.text) refers to app_timer.o(.text) for app_timer_cnt_get
    trickle.o(.text) refers to main.o(.text) for app_error_handler
    trickle.o(.text) refers to aeabi_sdiv.o(.text) for __aeabi_uidivmod
    trickle.o(.text) refers to trickle.o(i.__ARM_common_ll_muluu) for __ARM_common_ll_muluu
    trickle.o(.text) refers to lludiv.o(.text) for __aeabi_uldivmod
    trickle.o(.text) refers to trickle.o(.data) for next_trickle
    trickle.o(.text) refers to trickle.o(.bss) for rng_vals
    nrf_delay.o(.text) refers to nrf_delay.o(.emb_text) for __asm___11_nrf_delay_c_532987f3__nrf_delay_us
    simple_uart.o(.text) refers to simple_uart.o(.emb_text) for __asm___13_simple_uart_c_5dda6715__nrf_delay_us
    app_timer.o(.text) refers to app_timer.o(.emb_text) for __asm___11_app_timer_c_cd27f9c3__nrf_delay_us
    app_timer.o(.text) refers to main.o(.text) for app_error_handler
    app_timer.o(.text) refers to app_timer.o(.data) for m_rtc1_running
    rt_memcpy.o(.text) refers to rt_memcpy.o(.emb_text) for __aeabi_memcpy4
    __main.o(!!!main) refers to rtentry.o(.ARM.Collect$$rtentry$$00000000) for __rt_entry
    rtentry.o(.ARM.Collect$$rtentry$$00000000) refers (Special) to rtentry2.o(.ARM.Collect$$rtentry$$0000000A) for __rt_entry_li
    rtentry.o(.ARM.Collect$$rtentry$$00000000) refers (Special) to rtentry2.o(.ARM.Collect$$rtentry$$0000000D) for __rt_entry_main
    rtentry.o(.ARM.Collect$$rtentry$$00000000) refers (Special) to rtentry2.o(.ARM.Collect$$rtentry$$0000000C) for __rt_entry_postli_1
    rtentry.o(.ARM.Collect$$rtentry$$00000000) refers (Special) to rtentry2.o(.ARM.Collect$$rtentry$$00000009) for __rt_entry_postsh_1
    rtentry.o(.ARM.Collect$$rtentry$$00000000) refers (Special) to rtentry2.o(.ARM.Collect$$rtentry$$00000002) for __rt_entry_presh_1
    rtentry.o(.ARM.Collect$$rtentry$$00000000) refers (Special) to rtentry4.o(.ARM.Collect$$rtentry$$00000004) for __rt_entry_sh
    aeabi_idiv0_sigfpe.o(.text) refers to rt_div0.o(.text) for __rt_div0
    aeabi_ldiv0_sigfpe.o(.text) refers to rt_div0.o(.text) for __rt_div0
    rtentry2.o(.ARM.Collect$$rtentry$$00000008) refers to boardinit2.o(.text) for _platform_post_stackheap_init
    rtentry2.o(.ARM.Collect$$rtentry$$0000000A) refers to libinit.o(.ARM.Collect$$libinit$$00000000) for __rt_lib_init
    rtentry2.o(.ARM.Collect$$rtentry$$0000000B) refers to boardinit3.o(.text) for _platform_post_lib_init
    rtentry2.o(.ARM.Collect$$rtentry$$0000000D) refers to main.o(.text) for main
    rtentry2.o(.ARM.Collect$$rtentry$$0000000D) refers to exit.o(.text) for exit
    rtentry2.o(.ARM.exidx) refers to rtentry2.o(.ARM.Collect$$rtentry$$00000001) for .ARM.Collect$$rtentry$$00000001
    rtentry2.o(.ARM.exidx) refers to rtentry2.o(.ARM.Collect$$rtentry$$00000008) for .ARM.Collect$$rtentry$$00000008
    rtentry2.o(.ARM.exidx) refers to rtentry2.o(.ARM.Collect$$rtentry$$0000000A) for .ARM.Collect$$rtentry$$0000000A
    rtentry2.o(.ARM.exidx) refers to rtentry2.o(.ARM.Collect$$rtentry$$0000000B) for .ARM.Collect$$rtentry$$0000000B
    rtentry2.o(.ARM.exidx) refers to rtentry2.o(.ARM.Collect$$rtentry$$0000000D) for .ARM.Collect$$rtentry$$0000000D
    rtentry4.o(.ARM.Collect$$rtentry$$00000004) refers to sys_stackheap_outer.o(.text) for __user_setup_stackheap
    rtentry4.o(.ARM.exidx) refers to rtentry4.o(.ARM.Collect$$rtentry$$00000004) for .ARM.Collect$$rtentry$$00000004
    rt_div0.o(.text) refers to defsig_fpe_outer.o(.text) for __rt_SIGFPE
    sys_stackheap_outer.o(.text) refers to libspace.o(.text) for __user_perproc_libspace
    sys_stackheap_outer.o(.text) refers to arm_startup_nrf51.o(.text) for __user_initial_stackheap
    sys_stackheap_outer.o(__vectab_stack_and_reset_area) refers to tempstk.o(.text) for __temporary_stack_top
    sys_stackheap_outer.o(__vectab_stack_and_reset_area) refers to __main.o(!!!main) for __main
    exit.o(.text) refers to rtexit.o(.ARM.Collect$$rtexit$$00000000) for __rt_exit
    defsig_fpe_outer.o(.text) refers to defsig_fpe_inner.o(.text) for __rt_SIGFPE_inner
    defsig_fpe_outer.o(.text) refers to defsig_exit.o(.text) for __sig_exit
    defsig_fpe_formal.o(.text) refers to rt_raise.o(.text) for __rt_raise
    libinit.o(.ARM.Collect$$libinit$$00000000) refers (Special) to libinit2.o(.ARM.Collect$$libinit$$0000002C) for __rt_lib_init_alloca_1
    libinit.o(.ARM.Collect$$libinit$$00000000) refers (Special) to libinit2.o(.ARM.Collect$$libinit$$0000002A) for __rt_lib_init_argv_1
    libinit.o(.ARM.Collect$$libinit$$00000000) refers (Special) to libinit2.o(.ARM.Collect$$libinit$$00000019) for __rt_lib_init_atexit_1
    libinit.o(.ARM.Collect$$libinit$$00000000) refers (Special) to libinit2.o(.ARM.Collect$$libinit$$0000001F) for __rt_lib_init_clock_1
    libinit.o(.ARM.Collect$$libinit$$00000000) refers (Special) to libinit2.o(.ARM.Collect$$libinit$$00000030) for __rt_lib_init_cpp_1
    libinit.o(.ARM.Collect$$libinit$$00000000) refers (Special) to libinit2.o(.ARM.Collect$$libinit$$0000002E) for __rt_lib_init_exceptions_1
    libinit.o(.ARM.Collect$$libinit$$00000000) refers (Special) to libinit2.o(.ARM.Collect$$libinit$$00000001) for __rt_lib_init_fp_1
    libinit.o(.ARM.Collect$$libinit$$00000000) refers (Special) to libinit2.o(.ARM.Collect$$libinit$$0000001D) for __rt_lib_init_fp_trap_1
    libinit.o(.ARM.Collect$$libinit$$00000000) refers (Special) to libinit2.o(.ARM.Collect$$libinit$$00000021) for __rt_lib_init_getenv_1
    libinit.o(.ARM.Collect$$libinit$$00000000) refers (Special) to libinit2.o(.ARM.Collect$$libinit$$00000008) for __rt_lib_init_heap_1
    libinit.o(.ARM.Collect$$libinit$$00000000) refers (Special) to libinit2.o(.ARM.Collect$$libinit$$0000000F) for __rt_lib_init_lc_collate_1
    libinit.o(.ARM.Collect$$libinit$$00000000) refers (Special) to libinit2.o(.ARM.Collect$$libinit$$00000011) for __rt_lib_init_lc_ctype_1
    libinit.o(.ARM.Collect$$libinit$$00000000) refers (Special) to libinit2.o(.ARM.Collect$$libinit$$00000013) for __rt_lib_init_lc_monetary_1
    libinit.o(.ARM.Collect$$libinit$$00000000) refers (Special) to libinit2.o(.ARM.Collect$$libinit$$00000015) for __rt_lib_init_lc_numeric_1
    libinit.o(.ARM.Collect$$libinit$$00000000) refers (Special) to libinit2.o(.ARM.Collect$$libinit$$00000017) for __rt_lib_init_lc_time_1
    libinit.o(.ARM.Collect$$libinit$$00000000) refers (Special) to libinit2.o(.ARM.Collect$$libinit$$0000000C) for __rt_lib_init_rand_1
    libinit.o(.ARM.Collect$$libinit$$00000000) refers (Special) to libinit2.o(.ARM.Collect$$libinit$$00000031) for __rt_lib_init_return
    libinit.o(.ARM.Collect$$libinit$$00000000) refers (Special) to libinit2.o(.ARM.Collect$$libinit$$0000001B) for __rt_lib_init_signal_1
    libinit.o(.ARM.Collect$$libinit$$00000000) refers (Special) to libinit2.o(.ARM.Collect$$libinit$$00000023) for __rt_lib_init_stdio_1
    libinit.o(.ARM.Collect$$libinit$$00000000) refers (Special) to libinit2.o(.ARM.Collect$$libinit$$0000000A) for __rt_lib_init_user_alloc_1
    libspace.o(.text) refers to libspace.o(.bss) for __libspace_start
    rtexit.o(.ARM.Collect$$rtexit$$00000000) refers (Special) to rtexit2.o(.ARM.Collect$$rtexit$$00000004) for __rt_exit_exit
    rtexit.o(.ARM.Collect$$rtexit$$00000000) refers (Special) to rtexit2.o(.ARM.Collect$$rtexit$$00000003) for __rt_exit_ls
    rtexit.o(.ARM.Collect$$rtexit$$00000000) refers (Special) to rtexit2.o(.ARM.Collect$$rtexit$$00000002) for __rt_exit_prels_1
    rtexit.o(.ARM.exidx) refers (Special) to rtexit2.o(.ARM.Collect$$rtexit$$00000004) for __rt_exit_exit
    rtexit.o(.ARM.exidx) refers (Special) to rtexit2.o(.ARM.Collect$$rtexit$$00000003) for __rt_exit_ls
    rtexit.o(.ARM.exidx) refers (Special) to rtexit2.o(.ARM.Collect$$rtexit$$00000002) for __rt_exit_prels_1
    rtexit.o(.ARM.exidx) refers to rtexit.o(.ARM.Collect$$rtexit$$00000000) for .ARM.Collect$$rtexit$$00000000
    rt_raise.o(.text) refers to __raise.o(.text) for __raise
    rt_raise.o(.text) refers to sys_exit.o(.text) for _sys_exit
    defsig_exit.o(.text) refers to sys_exit.o(.text) for _sys_exit
    defsig_fpe_inner.o(.text) refers to defsig_general.o(.text) for __default_signal_display
    libinit2.o(.ARM.Collect$$libinit$$0000000E) refers to libinit2.o(.ARM.Collect$$libinit$$0000000D) for .ARM.Collect$$libinit$$0000000D
    libinit2.o(.ARM.Collect$$libinit$$00000010) refers to libinit2.o(.ARM.Collect$$libinit$$0000000D) for .ARM.Collect$$libinit$$0000000D
    libinit2.o(.ARM.Collect$$libinit$$00000012) refers to libinit2.o(.ARM.Collect$$libinit$$0000000D) for .ARM.Collect$$libinit$$0000000D
    libinit2.o(.ARM.Collect$$libinit$$00000014) refers to libinit2.o(.ARM.Collect$$libinit$$0000000D) for .ARM.Collect$$libinit$$0000000D
    libinit2.o(.ARM.Collect$$libinit$$00000016) refers to libinit2.o(.ARM.Collect$$libinit$$0000000D) for .ARM.Collect$$libinit$$0000000D
    libinit2.o(.ARM.Collect$$libinit$$00000024) refers to argv_veneer.o(.text) for __ARM_argv_veneer
    libinit2.o(.ARM.Collect$$libinit$$00000025) refers to argv_veneer.o(.text) for __ARM_argv_veneer
    sys_exit.o(.text) refers (Special) to use_no_semi.o(.text) for __I$use$semihosting
    sys_exit.o(.text) refers (Special) to indicate_semi.o(.text) for __semihosting_library_function
    rtexit2.o(.ARM.Collect$$rtexit$$00000003) refers to libshutdown.o(.ARM.Collect$$libshutdown$$00000000) for __rt_lib_shutdown
    rtexit2.o(.ARM.Collect$$rtexit$$00000004) refers to sys_exit.o(.text) for _sys_exit
    rtexit2.o(.ARM.exidx) refers to rtexit2.o(.ARM.Collect$$rtexit$$00000001) for .ARM.Collect$$rtexit$$00000001
    rtexit2.o(.ARM.exidx) refers to rtexit2.o(.ARM.Collect$$rtexit$$00000003) for .ARM.Collect$$rtexit$$00000003
    rtexit2.o(.ARM.exidx) refers to rtexit2.o(.ARM.Collect$$rtexit$$00000004) for .ARM.Collect$$rtexit$$00000004
    __raise.o(.text) refers to defsig.o(CL$$defsig) for __default_signal_handler
    defsig_general.o(.text) refers to sys_wrch.o(.text) for _ttywrch
    sys_wrch.o(.text) refers (Special) to use_no_semi.o(.text) for __I$use$semihosting
    sys_wrch.o(.text) refers (Special) to indicate_semi.o(.text) for __semihosting_library_function
    defsig.o(CL$$defsig) refers to defsig_fpe_inner.o(.text) for __rt_SIGFPE_inner
    defsig.o(CL$$defsig) refers to defsig_rtmem_inner.o(.text) for __rt_SIGRTMEM_inner
    _get_argv_nomalloc.o(.text) refers (Special) to hrguard.o(.text) for __heap_region$guard
    _get_argv_nomalloc.o(.text) refers to defsig_rtmem_outer.o(.text) for __rt_SIGRTMEM
    _get_argv_nomalloc.o(.text) refers to sys_command.o(.text) for _sys_command_string
    libshutdown.o(.ARM.Collect$$libshutdown$$00000000) refers (Special) to libshutdown2.o(.ARM.Collect$$libshutdown$$00000006) for __rt_lib_shutdown_fp_trap_1
    libshutdown.o(.ARM.Collect$$libshutdown$$00000000) refers (Special) to libshutdown2.o(.ARM.Collect$$libshutdown$$0000000E) for __rt_lib_shutdown_heap_1
    libshutdown.o(.ARM.Collect$$libshutdown$$00000000) refers (Special) to libshutdown2.o(.ARM.Collect$$libshutdown$$0000000F) for __rt_lib_shutdown_return
    libshutdown.o(.ARM.Collect$$libshutdown$$00000000) refers (Special) to libshutdown2.o(.ARM.Collect$$libshutdown$$00000009) for __rt_lib_shutdown_signal_1
    libshutdown.o(.ARM.Collect$$libshutdown$$00000000) refers (Special) to libshutdown2.o(.ARM.Collect$$libshutdown$$00000003) for __rt_lib_shutdown_stdio_1
    libshutdown.o(.ARM.Collect$$libshutdown$$00000000) refers (Special) to libshutdown2.o(.ARM.Collect$$libshutdown$$0000000B) for __rt_lib_shutdown_user_alloc_1
    sys_command.o(.text) refers (Special) to use_no_semi.o(.text) for __I$use$semihosting
    sys_command.o(.text) refers (Special) to indicate_semi.o(.text) for __semihosting_library_function
    defsig_abrt_inner.o(.text) refers to defsig_general.o(.text) for __default_signal_display
    defsig_rtred_inner.o(.text) refers to defsig_general.o(.text) for __default_signal_display
    defsig_rtmem_inner.o(.text) refers to defsig_general.o(.text) for __default_signal_display
    defsig_rtmem_outer.o(.text) refers to defsig_rtmem_inner.o(.text) for __rt_SIGRTMEM_inner
    defsig_rtmem_outer.o(.text) refers to defsig_exit.o(.text) for __sig_exit
    defsig_rtmem_formal.o(.text) refers to rt_raise.o(.text) for __rt_raise
    defsig_stak_inner.o(.text) refers to defsig_general.o(.text) for __default_signal_display
    defsig_pvfn_inner.o(.text) refers to defsig_general.o(.text) for __default_signal_display
    defsig_cppl_inner.o(.text) refers to defsig_general.o(.text) for __default_signal_display
    defsig_segv_inner.o(.text) refers to defsig_general.o(.text) for __default_signal_display
    defsig_other.o(.text) refers to defsig_general.o(.text) for __default_signal_display


==============================================================================

Removing Unused input sections from the image.

    Removing system_nrf51.o(.rev16_text), (4 bytes).
    Removing system_nrf51.o(.revsh_text), (4 bytes).
    Removing main.o(.rev16_text), (4 bytes).
    Removing main.o(.revsh_text), (4 bytes).
    Removing main.o(.emb_text), (30 bytes).
    Removing radio_control.o(.rev16_text), (4 bytes).
    Removing radio_control.o(.revsh_text), (4 bytes).
    Removing trickle.o(.rev16_text), (4 bytes).
    Removing trickle.o(.revsh_text), (4 bytes).
    Removing rebroadcast.o(.rev16_text), (4 bytes).
    Removing rebroadcast.o(.revsh_text), (4 bytes).
    Removing nrf_delay.o(.rev16_text), (4 bytes).
    Removing nrf_delay.o(.revsh_text), (4 bytes).
    Removing simple_uart.o(.rev16_text), (4 bytes).
    Removing simple_uart.o(.revsh_text), (4 bytes).
    Removing simple_uart.o(.emb_text), (30 bytes).
    Removing simple_uart.o(.text), (284 bytes).
    Removing app_timer.o(.rev16_text), (4 bytes).
    Removing app_timer.o(.revsh_text), (4 bytes).

19 unused section(s) (total 408 bytes) removed from the image.

==============================================================================

Image Symbol Table

    Local Symbols

    Symbol Name                              Value     Ov Type        Size  Object(Section)

    RESET                                    0x00000000   Section      192  arm_startup_nrf51.o(RESET)
    ../clib/../cmprslib/zerorunl.c           0x00000000   Number         0  __dczerorl.o ABSOLUTE
    ../clib/angel/boardlib.s                 0x00000000   Number         0  boardinit1.o ABSOLUTE
    ../clib/angel/boardlib.s                 0x00000000   Number         0  boardshut.o ABSOLUTE
    ../clib/angel/boardlib.s                 0x00000000   Number         0  boardinit3.o ABSOLUTE
    ../clib/angel/boardlib.s                 0x00000000   Number         0  boardinit2.o ABSOLUTE
    ../clib/angel/handlers.s                 0x00000000   Number         0  __scatter_zi.o ABSOLUTE
    ../clib/angel/kernel.s                   0x00000000   Number         0  rtexit.o ABSOLUTE
    ../clib/angel/kernel.s                   0x00000000   Number         0  rtentry2.o ABSOLUTE
    ../clib/angel/kernel.s                   0x00000000   Number         0  rtentry4.o ABSOLUTE
    ../clib/angel/kernel.s                   0x00000000   Number         0  rtentry.o ABSOLUTE
    ../clib/angel/kernel.s                   0x00000000   Number         0  rtexit2.o ABSOLUTE
    ../clib/angel/rt.s                       0x00000000   Number         0  rt_div0.o ABSOLUTE
    ../clib/angel/rt.s                       0x00000000   Number         0  rt_raise.o ABSOLUTE
    ../clib/angel/rt.s                       0x00000000   Number         0  aeabi_ldiv0_sigfpe.o ABSOLUTE
    ../clib/angel/rt.s                       0x00000000   Number         0  aeabi_ldiv0.o ABSOLUTE
    ../clib/angel/rt.s                       0x00000000   Number         0  aeabi_idiv0_sigfpe.o ABSOLUTE
    ../clib/angel/rt.s                       0x00000000   Number         0  aeabi_idiv0.o ABSOLUTE
    ../clib/angel/scatterp.s                 0x00000000   Number         0  __scatter.o ABSOLUTE
    ../clib/angel/startup.s                  0x00000000   Number         0  __main.o ABSOLUTE
    ../clib/angel/sys.s                      0x00000000   Number         0  indicate_semi.o ABSOLUTE
    ../clib/angel/sys.s                      0x00000000   Number         0  tempstk.o ABSOLUTE
    ../clib/angel/sys.s                      0x00000000   Number         0  libspace.o ABSOLUTE
    ../clib/angel/sys.s                      0x00000000   Number         0  use_no_semi.o ABSOLUTE
    ../clib/angel/sys.s                      0x00000000   Number         0  sys_stackheap_outer.o ABSOLUTE
    ../clib/angel/sysapp.c                   0x00000000   Number         0  sys_wrch.o ABSOLUTE
    ../clib/angel/sysapp.c                   0x00000000   Number         0  sys_command.o ABSOLUTE
    ../clib/angel/sysapp.c                   0x00000000   Number         0  sys_exit.o ABSOLUTE
    ../clib/armsys.c                         0x00000000   Number         0  no_argv.o ABSOLUTE
    ../clib/armsys.c                         0x00000000   Number         0  argv_veneer.o ABSOLUTE
    ../clib/armsys.c                         0x00000000   Number         0  _get_argv_nomalloc.o ABSOLUTE
    ../clib/division.c                       0x00000000   Number         0  lludiv.o ABSOLUTE
    ../clib/division.s                       0x00000000   Number         0  aeabi_sdiv.o ABSOLUTE
    ../clib/division.s                       0x00000000   Number         0  aeabi_sdiv_div0.o ABSOLUTE
    ../clib/heapalloc.c                      0x00000000   Number         0  hrguard.o ABSOLUTE
    ../clib/heapaux.c                        0x00000000   Number         0  heapauxi.o ABSOLUTE
    ../clib/libinit.s                        0x00000000   Number         0  libshutdown2.o ABSOLUTE
    ../clib/libinit.s                        0x00000000   Number         0  libinit.o ABSOLUTE
    ../clib/libinit.s                        0x00000000   Number         0  libinit2.o ABSOLUTE
    ../clib/libinit.s                        0x00000000   Number         0  libshutdown.o ABSOLUTE
    ../clib/longlong.c                       0x00000000   Number         0  llushr.o ABSOLUTE
    ../clib/memcpset.c                       0x00000000   Number         0  rt_memcpy.o ABSOLUTE
    ../clib/memcpset.c                       0x00000000   Number         0  rt_memcpy.o ABSOLUTE
    ../clib/signal.c                         0x00000000   Number         0  defsig_abrt_inner.o ABSOLUTE
    ../clib/signal.c                         0x00000000   Number         0  __raise.o ABSOLUTE
    ../clib/signal.c                         0x00000000   Number         0  defsig_rtred_inner.o ABSOLUTE
    ../clib/signal.c                         0x00000000   Number         0  defsig_fpe_outer.o ABSOLUTE
    ../clib/signal.c                         0x00000000   Number         0  defsig_other.o ABSOLUTE
    ../clib/signal.c                         0x00000000   Number         0  defsig_fpe_formal.o ABSOLUTE
    ../clib/signal.c                         0x00000000   Number         0  defsig_segv_inner.o ABSOLUTE
    ../clib/signal.c                         0x00000000   Number         0  defsig_exit.o ABSOLUTE
    ../clib/signal.c                         0x00000000   Number         0  defsig_fpe_inner.o ABSOLUTE
    ../clib/signal.c                         0x00000000   Number         0  defsig_cppl_inner.o ABSOLUTE
    ../clib/signal.c                         0x00000000   Number         0  defsig_pvfn_inner.o ABSOLUTE
    ../clib/signal.c                         0x00000000   Number         0  defsig_general.o ABSOLUTE
    ../clib/signal.c                         0x00000000   Number         0  defsig_stak_inner.o ABSOLUTE
    ../clib/signal.c                         0x00000000   Number         0  defsig_rtmem_formal.o ABSOLUTE
    ../clib/signal.c                         0x00000000   Number         0  defsig_rtmem_outer.o ABSOLUTE
    ../clib/signal.c                         0x00000000   Number         0  defsig_rtmem_inner.o ABSOLUTE
    ../clib/signal.s                         0x00000000   Number         0  defsig.o ABSOLUTE
    ../clib/stdlib.c                         0x00000000   Number         0  exit.o ABSOLUTE
    ../fplib/cfplib/fpinit.c                 0x00000000   Number         0  fpinit.o ABSOLUTE
    ..\..\..\SDK\nrf51822\Source\nrf_delay\nrf_delay.c 0x00000000   Number         0  nrf_delay.o ABSOLUTE
    ..\..\..\SDK\nrf51822\Source\simple_uart\simple_uart.c 0x00000000   Number         0  simple_uart.o ABSOLUTE
    ..\..\..\SDK\nrf51822\Source\templates\system_nrf51.c 0x00000000   Number         0  system_nrf51.o ABSOLUTE
    ..\SDK\app_timer.c                       0x00000000   Number         0  app_timer.o ABSOLUTE
    ..\\..\\..\\SDK\\nrf51822\\Source\\nrf_delay\\nrf_delay.c 0x00000000   Number         0  nrf_delay.o ABSOLUTE
    ..\\..\\..\\SDK\\nrf51822\\Source\\simple_uart\\simple_uart.c 0x00000000   Number         0  simple_uart.o ABSOLUTE
    ..\\..\\..\\SDK\\nrf51822\\Source\\templates\\system_nrf51.c 0x00000000   Number         0  system_nrf51.o ABSOLUTE
    ..\\SDK\\app_timer.c                     0x00000000   Number         0  app_timer.o ABSOLUTE
    ..\\main.c                               0x00000000   Number         0  main.o ABSOLUTE
    ..\\radio_control.c                      0x00000000   Number         0  radio_control.o ABSOLUTE
    ..\\rebroadcast.c                        0x00000000   Number         0  rebroadcast.o ABSOLUTE
    ..\\trickle.c                            0x00000000   Number         0  trickle.o ABSOLUTE
    ..\main.c                                0x00000000   Number         0  main.o ABSOLUTE
    ..\radio_control.c                       0x00000000   Number         0  radio_control.o ABSOLUTE
    ..\rebroadcast.c                         0x00000000   Number         0  rebroadcast.o ABSOLUTE
    ..\trickle.c                             0x00000000   Number         0  trickle.o ABSOLUTE
    arm_startup_nrf51.s                      0x00000000   Number         0  arm_startup_nrf51.o ABSOLUTE
    dc.s                                     0x00000000   Number         0  dc.o ABSOLUTE
    !!!main                                  0x000000c0   Section        8  __main.o(!!!main)
    !!!scatter                               0x000000c8   Section       60  __scatter.o(!!!scatter)
    !!handler_zi                             0x00000104   Section       28  __scatter_zi.o(!!handler_zi)
    .ARM.Collect$$libinit$$00000000          0x00000120   Section        2  libinit.o(.ARM.Collect$$libinit$$00000000)
    .ARM.Collect$$libinit$$00000001          0x00000122   Section        4  libinit2.o(.ARM.Collect$$libinit$$00000001)
    .ARM.Collect$$libinit$$00000008          0x00000126   Section        0  libinit2.o(.ARM.Collect$$libinit$$00000008)
    .ARM.Collect$$libinit$$0000000A          0x00000126   Section        0  libinit2.o(.ARM.Collect$$libinit$$0000000A)
    .ARM.Collect$$libinit$$0000000C          0x00000126   Section        0  libinit2.o(.ARM.Collect$$libinit$$0000000C)
    .ARM.Collect$$libinit$$0000000F          0x00000126   Section        0  libinit2.o(.ARM.Collect$$libinit$$0000000F)
    .ARM.Collect$$libinit$$00000011          0x00000126   Section        0  libinit2.o(.ARM.Collect$$libinit$$00000011)
    .ARM.Collect$$libinit$$00000013          0x00000126   Section        0  libinit2.o(.ARM.Collect$$libinit$$00000013)
    .ARM.Collect$$libinit$$00000015          0x00000126   Section        0  libinit2.o(.ARM.Collect$$libinit$$00000015)
    .ARM.Collect$$libinit$$00000017          0x00000126   Section        0  libinit2.o(.ARM.Collect$$libinit$$00000017)
    .ARM.Collect$$libinit$$00000019          0x00000126   Section        0  libinit2.o(.ARM.Collect$$libinit$$00000019)
    .ARM.Collect$$libinit$$0000001B          0x00000126   Section        0  libinit2.o(.ARM.Collect$$libinit$$0000001B)
    .ARM.Collect$$libinit$$0000001D          0x00000126   Section        0  libinit2.o(.ARM.Collect$$libinit$$0000001D)
    .ARM.Collect$$libinit$$0000001F          0x00000126   Section        0  libinit2.o(.ARM.Collect$$libinit$$0000001F)
    .ARM.Collect$$libinit$$00000021          0x00000126   Section        0  libinit2.o(.ARM.Collect$$libinit$$00000021)
    .ARM.Collect$$libinit$$00000023          0x00000126   Section        0  libinit2.o(.ARM.Collect$$libinit$$00000023)
    .ARM.Collect$$libinit$$0000002A          0x00000126   Section        0  libinit2.o(.ARM.Collect$$libinit$$0000002A)
    .ARM.Collect$$libinit$$0000002C          0x00000126   Section        0  libinit2.o(.ARM.Collect$$libinit$$0000002C)
    .ARM.Collect$$libinit$$0000002E          0x00000126   Section        0  libinit2.o(.ARM.Collect$$libinit$$0000002E)
    .ARM.Collect$$libinit$$00000030          0x00000126   Section        0  libinit2.o(.ARM.Collect$$libinit$$00000030)
    .ARM.Collect$$libinit$$00000031          0x00000126   Section        2  libinit2.o(.ARM.Collect$$libinit$$00000031)
    .ARM.Collect$$libshutdown$$00000000      0x00000128   Section        2  libshutdown.o(.ARM.Collect$$libshutdown$$00000000)
    .ARM.Collect$$libshutdown$$00000003      0x0000012a   Section        0  libshutdown2.o(.ARM.Collect$$libshutdown$$00000003)
    .ARM.Collect$$libshutdown$$00000006      0x0000012a   Section        0  libshutdown2.o(.ARM.Collect$$libshutdown$$00000006)
    .ARM.Collect$$libshutdown$$00000009      0x0000012a   Section        0  libshutdown2.o(.ARM.Collect$$libshutdown$$00000009)
    .ARM.Collect$$libshutdown$$0000000B      0x0000012a   Section        0  libshutdown2.o(.ARM.Collect$$libshutdown$$0000000B)
    .ARM.Collect$$libshutdown$$0000000E      0x0000012a   Section        0  libshutdown2.o(.ARM.Collect$$libshutdown$$0000000E)
    .ARM.Collect$$libshutdown$$0000000F      0x0000012a   Section        2  libshutdown2.o(.ARM.Collect$$libshutdown$$0000000F)
    .ARM.Collect$$rtentry$$00000000          0x0000012c   Section        0  rtentry.o(.ARM.Collect$$rtentry$$00000000)
    .ARM.Collect$$rtentry$$00000002          0x0000012c   Section        0  rtentry2.o(.ARM.Collect$$rtentry$$00000002)
    .ARM.Collect$$rtentry$$00000004          0x0000012c   Section        6  rtentry4.o(.ARM.Collect$$rtentry$$00000004)
    .ARM.Collect$$rtentry$$00000009          0x00000132   Section        0  rtentry2.o(.ARM.Collect$$rtentry$$00000009)
    .ARM.Collect$$rtentry$$0000000A          0x00000132   Section        4  rtentry2.o(.ARM.Collect$$rtentry$$0000000A)
    .ARM.Collect$$rtentry$$0000000C          0x00000136   Section        0  rtentry2.o(.ARM.Collect$$rtentry$$0000000C)
    .ARM.Collect$$rtentry$$0000000D          0x00000136   Section        8  rtentry2.o(.ARM.Collect$$rtentry$$0000000D)
    .ARM.Collect$$rtexit$$00000000           0x0000013e   Section        2  rtexit.o(.ARM.Collect$$rtexit$$00000000)
    .ARM.Collect$$rtexit$$00000002           0x00000140   Section        0  rtexit2.o(.ARM.Collect$$rtexit$$00000002)
    .ARM.Collect$$rtexit$$00000003           0x00000140   Section        4  rtexit2.o(.ARM.Collect$$rtexit$$00000003)
    .ARM.Collect$$rtexit$$00000004           0x00000144   Section        6  rtexit2.o(.ARM.Collect$$rtexit$$00000004)
    .emb_text                                0x0000014c   Section       30  nrf_delay.o(.emb_text)
    .emb_text                                0x0000016c   Section       30  app_timer.o(.emb_text)
    .emb_text                                0x0000018c   Section       56  rt_memcpy.o(.emb_text)
    .text                                    0x000001c4   Section       72  arm_startup_nrf51.o(.text)
    .text                                    0x0000020c   Section        0  system_nrf51.o(.text)
    is_disabled_in_debug_needed              0x00000215   Thumb Code    48  system_nrf51.o(.text)
    is_manual_peripheral_setup_needed        0x00000245   Thumb Code    94  system_nrf51.o(.text)
    .text                                    0x000002e4   Section        0  main.o(.text)
    set_tx_trickle_data                      0x000002f9   Thumb Code    10  main.o(.text)
    led_config                               0x00000303   Thumb Code    56  main.o(.text)
    make_address                             0x0000033b   Thumb Code    66  main.o(.text)
    nrf_gpio_cfg_output                      0x000004fb   Thumb Code    18  main.o(.text)
    nrf_gpio_pin_set                         0x0000050d   Thumb Code    10  main.o(.text)
    nrf_gpio_pin_clear                       0x00000517   Thumb Code    10  main.o(.text)
    .text                                    0x00000554   Section        0  radio_control.o(.text)
    .text                                    0x000006e4   Section        0  trickle.o(.text)
    sync_timer_timeout_handler               0x000006e5   Thumb Code    94  trickle.o(.text)
    trickle_timeout_handler                  0x00000801   Thumb Code   240  trickle.o(.text)
    .text                                    0x00000a94   Section        0  nrf_delay.o(.text)
    .text                                    0x00000ab0   Section        0  app_timer.o(.text)
    NVIC_SetPriority                         0x00000ab1   Thumb Code   110  app_timer.o(.text)
    rtc1_init                                0x00000b1f   Thumb Code    18  app_timer.o(.text)
    rtc1_start                               0x00000b31   Thumb Code    48  app_timer.o(.text)
    rtc1_stop                                0x00000b61   Thumb Code    68  app_timer.o(.text)
    timer_list_insert                        0x00000ba5   Thumb Code   206  app_timer.o(.text)
    timer_list_remove                        0x00000c73   Thumb Code   152  app_timer.o(.text)
    timer_timeouts_check_sched               0x00000d0b   Thumb Code    10  app_timer.o(.text)
    timer_list_handler_sched                 0x00000d15   Thumb Code    10  app_timer.o(.text)
    timeout_handler_exec                     0x00000d1f   Thumb Code    60  app_timer.o(.text)
    timer_timeouts_check                     0x00000d5b   Thumb Code   128  app_timer.o(.text)
    elapsed_ticks_acquire                    0x00000ddb   Thumb Code    82  app_timer.o(.text)
    list_deletions_handler                   0x00000e2d   Thumb Code   256  app_timer.o(.text)
    expired_timers_handler                   0x00000f2d   Thumb Code    98  app_timer.o(.text)
    list_insertions_handler                  0x00000f8f   Thumb Code   260  app_timer.o(.text)
    compare_reg_update                       0x00001093   Thumb Code   122  app_timer.o(.text)
    timer_list_handler                       0x0000110d   Thumb Code    70  app_timer.o(.text)
    user_op_enque                            0x00001153   Thumb Code     4  app_timer.o(.text)
    user_op_alloc                            0x00001157   Thumb Code    44  app_timer.o(.text)
    timer_start_op_schedule                  0x00001183   Thumb Code    80  app_timer.o(.text)
    timer_stop_op_schedule                   0x000011d3   Thumb Code    58  app_timer.o(.text)
    timer_stop_all_op_schedule               0x0000120d   Thumb Code    58  app_timer.o(.text)
    user_id_get                              0x000013dd   Thumb Code    34  app_timer.o(.text)
    NVIC_EnableIRQ                           0x000014db   Thumb Code    14  app_timer.o(.text)
    NVIC_SetPendingIRQ                       0x000014e9   Thumb Code    14  app_timer.o(.text)
    NVIC_ClearPendingIRQ                     0x000014f7   Thumb Code    16  app_timer.o(.text)
    current_int_priority_get                 0x00001507   Thumb Code    84  app_timer.o(.text)
    rtc1_counter_get                         0x0000155b   Thumb Code     6  app_timer.o(.text)
    ticks_diff_get                           0x00001561   Thumb Code    10  app_timer.o(.text)
    .text                                    0x00001588   Section        0  llushr.o(.text)
    .text                                    0x000015aa   Section        0  lludiv.o(.text)
    .text                                    0x000016ac   Section        0  rt_memcpy.o(.text)
    .text                                    0x0000172e   Section      346  aeabi_sdiv.o(.text)
    .text                                    0x00001888   Section        0  heapauxi.o(.text)
    .text                                    0x0000188e   Section       62  sys_stackheap_outer.o(.text)
    .text                                    0x000018cc   Section        0  exit.o(.text)
    .text                                    0x000018d8   Section        8  libspace.o(.text)
    .text                                    0x000018e0   Section        0  sys_exit.o(.text)
    .text                                    0x000018ec   Section        2  use_no_semi.o(.text)
    .text                                    0x000018ee   Section        0  indicate_semi.o(.text)
    .text                                    0x000018ee   Section        0  __dczerorl.o(.text)
    i.__ARM_common_ll_muluu                  0x00001928   Section        0  trickle.o(i.__ARM_common_ll_muluu)
    .data                                    0x20000000   Section        4  system_nrf51.o(.data)
    __tagsym$$used                           0x20000000   Number         0  system_nrf51.o(.data)
    .data                                    0x20000004   Section      267  main.o(.data)
    address                                  0x20000104   Data           6  main.o(.data)
    payload                                  0x2000010a   Data           2  main.o(.data)
    version                                  0x2000010c   Data           2  main.o(.data)
    led_data                                 0x2000010e   Data           1  main.o(.data)
    .data                                    0x2000010f   Section        2  radio_control.o(.data)
    .data                                    0x20000114   Section       12  trickle.o(.data)
    .data                                    0x20000120   Section       37  app_timer.o(.data)
    mp_nodes                                 0x20000120   Data           4  app_timer.o(.data)
    m_node_array_size                        0x20000124   Data           1  app_timer.o(.data)
    m_user_array_size                        0x20000125   Data           1  app_timer.o(.data)
    mp_users                                 0x20000128   Data           4  app_timer.o(.data)
    m_timer_id_head                          0x2000012c   Data           4  app_timer.o(.data)
    m_ticks_latest                           0x20000130   Data           4  app_timer.o(.data)
    m_ticks_elapsed                          0x20000134   Data           8  app_timer.o(.data)
    m_ticks_elapsed_q_read_ind               0x2000013c   Data           1  app_timer.o(.data)
    m_ticks_elapsed_q_write_ind              0x2000013d   Data           1  app_timer.o(.data)
    m_evt_schedule_func                      0x20000140   Data           4  app_timer.o(.data)
    m_rtc1_running                           0x20000144   Data           1  app_timer.o(.data)
    .bss                                     0x20000148   Section      320  main.o(.bss)
    trickle                                  0x20000148   Data          64  main.o(.bss)
    .bss                                     0x20000288   Section     1240  trickle.o(.bss)
    APP_TIMER_BUF                            0x20000288   Data        1176  trickle.o(.bss)
    .bss                                     0x20000760   Section       96  libspace.o(.bss)
    HEAP                                     0x200007c0   Section     2048  arm_startup_nrf51.o(HEAP)
    Heap_Mem                                 0x200007c0   Data        2048  arm_startup_nrf51.o(HEAP)
    STACK                                    0x20000fc0   Section     2048  arm_startup_nrf51.o(STACK)
    Stack_Mem                                0x20000fc0   Data        2048  arm_startup_nrf51.o(STACK)
    __initial_sp                             0x200017c0   Data           0  arm_startup_nrf51.o(STACK)

    Global Symbols

    Symbol Name                              Value     Ov Type        Size  Object(Section)

    BuildAttributes$$THM_ISAv3M$S$PE$A:L22$X:L11$S22$IEEE1$IW$USESV6$~STKCKD$USESV7$~SHL$OSPACE$ROPI$EBA8$UX$STANDARDLIB$REQ8$PRES8$EABIv2 0x00000000   Number         0  anon$$obj.o ABSOLUTE
    __ARM_use_no_argv                        0x00000000   Number         0  main.o ABSOLUTE
    __Vectors                                0x00000000   Data           4  arm_startup_nrf51.o(RESET)
    __ARM_exceptions_init                     - Undefined Weak Reference
    __alloca_initialize                       - Undefined Weak Reference
    __cpp_initialize__aeabi_                  - Undefined Weak Reference
    __cxa_finalize                            - Undefined Weak Reference
    __rt_locale                               - Undefined Weak Reference
    __sigvec_lookup                           - Undefined Weak Reference
    _atexit_init                              - Undefined Weak Reference
    _call_atexit_fns                          - Undefined Weak Reference
    _clock_init                               - Undefined Weak Reference
    _fp_trap_init                             - Undefined Weak Reference
    _fp_trap_shutdown                         - Undefined Weak Reference
    _get_lc_collate                           - Undefined Weak Reference
    _get_lc_ctype                             - Undefined Weak Reference
    _get_lc_monetary                          - Undefined Weak Reference
    _get_lc_numeric                           - Undefined Weak Reference
    _get_lc_time                              - Undefined Weak Reference
    _getenv_init                              - Undefined Weak Reference
    _handle_redirection                       - Undefined Weak Reference
    _init_alloc                               - Undefined Weak Reference
    _init_user_alloc                          - Undefined Weak Reference
    _initio                                   - Undefined Weak Reference
    _rand_init                                - Undefined Weak Reference
    _signal_finish                            - Undefined Weak Reference
    _signal_init                              - Undefined Weak Reference
    _terminate_alloc                          - Undefined Weak Reference
    _terminate_user_alloc                     - Undefined Weak Reference
    _terminateio                              - Undefined Weak Reference
    __Vectors_End                            0x000000c0   Data           0  arm_startup_nrf51.o(RESET)
    __Vectors_Size                           0x000000c0   Number         0  arm_startup_nrf51.o ABSOLUTE
    __main                                   0x000000c1   Thumb Code     8  __main.o(!!!main)
    __scatterload                            0x000000c9   Thumb Code     0  __scatter.o(!!!scatter)
    __scatterload_rt2                        0x000000c9   Thumb Code    52  __scatter.o(!!!scatter)
    __scatterload_rt2_thumb_only             0x000000c9   Thumb Code     0  __scatter.o(!!!scatter)
    __scatterload_null                       0x000000d9   Thumb Code     0  __scatter.o(!!!scatter)
    __scatterload_zeroinit                   0x00000105   Thumb Code    28  __scatter_zi.o(!!handler_zi)
    __rt_lib_init                            0x00000121   Thumb Code     0  libinit.o(.ARM.Collect$$libinit$$00000000)
    __rt_lib_init_fp_1                       0x00000123   Thumb Code     0  libinit2.o(.ARM.Collect$$libinit$$00000001)
    __rt_lib_init_alloca_1                   0x00000127   Thumb Code     0  libinit2.o(.ARM.Collect$$libinit$$0000002C)
    __rt_lib_init_argv_1                     0x00000127   Thumb Code     0  libinit2.o(.ARM.Collect$$libinit$$0000002A)
    __rt_lib_init_atexit_1                   0x00000127   Thumb Code     0  libinit2.o(.ARM.Collect$$libinit$$00000019)
    __rt_lib_init_clock_1                    0x00000127   Thumb Code     0  libinit2.o(.ARM.Collect$$libinit$$0000001F)
    __rt_lib_init_cpp_1                      0x00000127   Thumb Code     0  libinit2.o(.ARM.Collect$$libinit$$00000030)
    __rt_lib_init_exceptions_1               0x00000127   Thumb Code     0  libinit2.o(.ARM.Collect$$libinit$$0000002E)
    __rt_lib_init_fp_trap_1                  0x00000127   Thumb Code     0  libinit2.o(.ARM.Collect$$libinit$$0000001D)
    __rt_lib_init_getenv_1                   0x00000127   Thumb Code     0  libinit2.o(.ARM.Collect$$libinit$$00000021)
    __rt_lib_init_heap_1                     0x00000127   Thumb Code     0  libinit2.o(.ARM.Collect$$libinit$$00000008)
    __rt_lib_init_lc_collate_1               0x00000127   Thumb Code     0  libinit2.o(.ARM.Collect$$libinit$$0000000F)
    __rt_lib_init_lc_ctype_1                 0x00000127   Thumb Code     0  libinit2.o(.ARM.Collect$$libinit$$00000011)
    __rt_lib_init_lc_monetary_1              0x00000127   Thumb Code     0  libinit2.o(.ARM.Collect$$libinit$$00000013)
    __rt_lib_init_lc_numeric_1               0x00000127   Thumb Code     0  libinit2.o(.ARM.Collect$$libinit$$00000015)
    __rt_lib_init_lc_time_1                  0x00000127   Thumb Code     0  libinit2.o(.ARM.Collect$$libinit$$00000017)
    __rt_lib_init_rand_1                     0x00000127   Thumb Code     0  libinit2.o(.ARM.Collect$$libinit$$0000000C)
    __rt_lib_init_return                     0x00000127   Thumb Code     0  libinit2.o(.ARM.Collect$$libinit$$00000031)
    __rt_lib_init_signal_1                   0x00000127   Thumb Code     0  libinit2.o(.ARM.Collect$$libinit$$0000001B)
    __rt_lib_init_stdio_1                    0x00000127   Thumb Code     0  libinit2.o(.ARM.Collect$$libinit$$00000023)
    __rt_lib_init_user_alloc_1               0x00000127   Thumb Code     0  libinit2.o(.ARM.Collect$$libinit$$0000000A)
    __rt_lib_shutdown                        0x00000129   Thumb Code     0  libshutdown.o(.ARM.Collect$$libshutdown$$00000000)
    __rt_lib_shutdown_fp_trap_1              0x0000012b   Thumb Code     0  libshutdown2.o(.ARM.Collect$$libshutdown$$00000006)
    __rt_lib_shutdown_heap_1                 0x0000012b   Thumb Code     0  libshutdown2.o(.ARM.Collect$$libshutdown$$0000000E)
    __rt_lib_shutdown_return                 0x0000012b   Thumb Code     0  libshutdown2.o(.ARM.Collect$$libshutdown$$0000000F)
    __rt_lib_shutdown_signal_1               0x0000012b   Thumb Code     0  libshutdown2.o(.ARM.Collect$$libshutdown$$00000009)
    __rt_lib_shutdown_stdio_1                0x0000012b   Thumb Code     0  libshutdown2.o(.ARM.Collect$$libshutdown$$00000003)
    __rt_lib_shutdown_user_alloc_1           0x0000012b   Thumb Code     0  libshutdown2.o(.ARM.Collect$$libshutdown$$0000000B)
    __rt_entry                               0x0000012d   Thumb Code     0  rtentry.o(.ARM.Collect$$rtentry$$00000000)
    __rt_entry_presh_1                       0x0000012d   Thumb Code     0  rtentry2.o(.ARM.Collect$$rtentry$$00000002)
    __rt_entry_sh                            0x0000012d   Thumb Code     0  rtentry4.o(.ARM.Collect$$rtentry$$00000004)
    __rt_entry_li                            0x00000133   Thumb Code     0  rtentry2.o(.ARM.Collect$$rtentry$$0000000A)
    __rt_entry_postsh_1                      0x00000133   Thumb Code     0  rtentry2.o(.ARM.Collect$$rtentry$$00000009)
    __rt_entry_main                          0x00000137   Thumb Code     0  rtentry2.o(.ARM.Collect$$rtentry$$0000000D)
    __rt_entry_postli_1                      0x00000137   Thumb Code     0  rtentry2.o(.ARM.Collect$$rtentry$$0000000C)
    __rt_exit                                0x0000013f   Thumb Code     0  rtexit.o(.ARM.Collect$$rtexit$$00000000)
    __rt_exit_ls                             0x00000141   Thumb Code     0  rtexit2.o(.ARM.Collect$$rtexit$$00000003)
    __rt_exit_prels_1                        0x00000141   Thumb Code     0  rtexit2.o(.ARM.Collect$$rtexit$$00000002)
    __rt_exit_exit                           0x00000145   Thumb Code     0  rtexit2.o(.ARM.Collect$$rtexit$$00000004)
    __asm___11_nrf_delay_c_532987f3__nrf_delay_us 0x0000014d   Thumb Code    30  nrf_delay.o(.emb_text)
    __asm___11_app_timer_c_cd27f9c3__nrf_delay_us 0x0000016d   Thumb Code    30  app_timer.o(.emb_text)
    __aeabi_memcpy4                          0x0000018d   Thumb Code    56  rt_memcpy.o(.emb_text)
    __aeabi_memcpy8                          0x0000018d   Thumb Code     0  rt_memcpy.o(.emb_text)
    Reset_Handler                            0x000001c5   Thumb Code    18  arm_startup_nrf51.o(.text)
    NMI_Handler                              0x000001d7   Thumb Code     2  arm_startup_nrf51.o(.text)
    HardFault_Handler                        0x000001d9   Thumb Code     2  arm_startup_nrf51.o(.text)
    SVC_Handler                              0x000001db   Thumb Code     2  arm_startup_nrf51.o(.text)
    PendSV_Handler                           0x000001dd   Thumb Code     2  arm_startup_nrf51.o(.text)
    SysTick_Handler                          0x000001df   Thumb Code     2  arm_startup_nrf51.o(.text)
    ADC_IRQHandler                           0x000001e1   Thumb Code     0  arm_startup_nrf51.o(.text)
    CCM_AAR_IRQHandler                       0x000001e1   Thumb Code     0  arm_startup_nrf51.o(.text)
    ECB_IRQHandler                           0x000001e1   Thumb Code     0  arm_startup_nrf51.o(.text)
    GPIOTE_IRQHandler                        0x000001e1   Thumb Code     0  arm_startup_nrf51.o(.text)
    LPCOMP_IRQHandler                        0x000001e1   Thumb Code     0  arm_startup_nrf51.o(.text)
    POWER_CLOCK_IRQHandler                   0x000001e1   Thumb Code     0  arm_startup_nrf51.o(.text)
    QDEC_IRQHandler                          0x000001e1   Thumb Code     0  arm_startup_nrf51.o(.text)
    RNG_IRQHandler                           0x000001e1   Thumb Code     0  arm_startup_nrf51.o(.text)
    RTC0_IRQHandler                          0x000001e1   Thumb Code     0  arm_startup_nrf51.o(.text)
    SPI0_TWI0_IRQHandler                     0x000001e1   Thumb Code     0  arm_startup_nrf51.o(.text)
    SPI1_TWI1_IRQHandler                     0x000001e1   Thumb Code     0  arm_startup_nrf51.o(.text)
    SWI1_IRQHandler                          0x000001e1   Thumb Code     0  arm_startup_nrf51.o(.text)
    SWI2_IRQHandler                          0x000001e1   Thumb Code     0  arm_startup_nrf51.o(.text)
    SWI3_IRQHandler                          0x000001e1   Thumb Code     0  arm_startup_nrf51.o(.text)
    SWI4_IRQHandler                          0x000001e1   Thumb Code     0  arm_startup_nrf51.o(.text)
    SWI5_IRQHandler                          0x000001e1   Thumb Code     0  arm_startup_nrf51.o(.text)
    TEMP_IRQHandler                          0x000001e1   Thumb Code     0  arm_startup_nrf51.o(.text)
    TIMER0_IRQHandler                        0x000001e1   Thumb Code     0  arm_startup_nrf51.o(.text)
    TIMER1_IRQHandler                        0x000001e1   Thumb Code     0  arm_startup_nrf51.o(.text)
    TIMER2_IRQHandler                        0x000001e1   Thumb Code     0  arm_startup_nrf51.o(.text)
    UART0_IRQHandler                         0x000001e1   Thumb Code     0  arm_startup_nrf51.o(.text)
    WDT_IRQHandler                           0x000001e1   Thumb Code     0  arm_startup_nrf51.o(.text)
    __user_initial_stackheap                 0x000001e5   Thumb Code     0  arm_startup_nrf51.o(.text)
    SystemCoreClockUpdate                    0x0000020d   Thumb Code     8  system_nrf51.o(.text)
    SystemInit                               0x000002a3   Thumb Code    38  system_nrf51.o(.text)
    app_error_handler                        0x000002e5   Thumb Code    20  main.o(.text)
    trickle_tx0                              0x0000037d   Thumb Code    26  main.o(.text)
    trickle_tx1                              0x00000397   Thumb Code    28  main.o(.text)
    eval_msg                                 0x000003b3   Thumb Code   178  main.o(.text)
    main                                     0x00000465   Thumb Code   150  main.o(.text)
    radio_init                               0x00000555   Thumb Code    86  radio_control.o(.text)
    radio_tx                                 0x000005ab   Thumb Code    26  radio_control.o(.text)
    radio_rx                                 0x000005c5   Thumb Code    78  radio_control.o(.text)
    RADIO_IRQHandler                         0x00000613   Thumb Code   146  radio_control.o(.text)
    trickle_interval_begin                   0x00000743   Thumb Code   190  trickle.o(.text)
    trickle_setup                            0x000008f1   Thumb Code   138  trickle.o(.text)
    trickle_init                             0x0000097b   Thumb Code    50  trickle.o(.text)
    trickle_rx_consistent                    0x000009ad   Thumb Code     8  trickle.o(.text)
    trickle_timer_reset                      0x000009b5   Thumb Code    54  trickle.o(.text)
    trickle_rx_inconsistent                  0x000009eb   Thumb Code    20  trickle.o(.text)
    trickle_sync                             0x000009ff   Thumb Code    86  trickle.o(.text)
    nrf_delay_ms                             0x00000a95   Thumb Code    24  nrf_delay.o(.text)
    RTC1_IRQHandler                          0x00001247   Thumb Code    34  app_timer.o(.text)
    SWI0_IRQHandler                          0x00001269   Thumb Code     8  app_timer.o(.text)
    app_timer_init                           0x00001271   Thumb Code   256  app_timer.o(.text)
    app_timer_create                         0x00001371   Thumb Code   108  app_timer.o(.text)
    app_timer_start                          0x000013ff   Thumb Code    98  app_timer.o(.text)
    app_timer_stop                           0x00001461   Thumb Code    60  app_timer.o(.text)
    app_timer_stop_all                       0x0000149d   Thumb Code    26  app_timer.o(.text)
    app_timer_cnt_get                        0x000014b7   Thumb Code    14  app_timer.o(.text)
    app_timer_cnt_diff_compute               0x000014c5   Thumb Code    22  app_timer.o(.text)
    __aeabi_llsr                             0x00001589   Thumb Code    34  llushr.o(.text)
    _ll_ushift_r                             0x00001589   Thumb Code     0  llushr.o(.text)
    __aeabi_uldivmod                         0x000015ab   Thumb Code   258  lludiv.o(.text)
    _ll_udiv                                 0x000015ab   Thumb Code     0  lludiv.o(.text)
    __aeabi_memcpy                           0x000016ad   Thumb Code   130  rt_memcpy.o(.text)
    __rt_memcpy                              0x000016ad   Thumb Code     0  rt_memcpy.o(.text)
    __aeabi_uidiv                            0x0000172f   Thumb Code     0  aeabi_sdiv.o(.text)
    __aeabi_uidivmod                         0x0000172f   Thumb Code    20  aeabi_sdiv.o(.text)
    __aeabi_idiv                             0x00001743   Thumb Code     0  aeabi_sdiv.o(.text)
    __aeabi_idivmod                          0x00001743   Thumb Code   326  aeabi_sdiv.o(.text)
    __use_two_region_memory                  0x00001889   Thumb Code     2  heapauxi.o(.text)
    __rt_heap_escrow$2region                 0x0000188b   Thumb Code     2  heapauxi.o(.text)
    __rt_heap_expand$2region                 0x0000188d   Thumb Code     2  heapauxi.o(.text)
    __user_setup_stackheap                   0x0000188f   Thumb Code    62  sys_stackheap_outer.o(.text)
    exit                                     0x000018cd   Thumb Code    12  exit.o(.text)
    __user_libspace                          0x000018d9   Thumb Code     8  libspace.o(.text)
    __user_perproc_libspace                  0x000018d9   Thumb Code     0  libspace.o(.text)
    __user_perthread_libspace                0x000018d9   Thumb Code     0  libspace.o(.text)
    _sys_exit                                0x000018e1   Thumb Code     8  sys_exit.o(.text)
    __I$use$semihosting                      0x000018ed   Thumb Code     0  use_no_semi.o(.text)
    __use_no_semihosting_swi                 0x000018ed   Thumb Code     2  use_no_semi.o(.text)
    __decompress                             0x000018ef   Thumb Code     0  __dczerorl.o(.text)
    __decompress0                            0x000018ef   Thumb Code    58  __dczerorl.o(.text)
    __semihosting_library_function           0x000018ef   Thumb Code     0  indicate_semi.o(.text)
    __ARM_common_ll_muluu                    0x00001929   Thumb Code    48  trickle.o(i.__ARM_common_ll_muluu)
    Region$$Table$$Base                      0x00001958   Number         0  anon$$obj.o(Region$$Table)
    Region$$Table$$Limit                     0x00001978   Number         0  anon$$obj.o(Region$$Table)
    SystemCoreClock                          0x20000000   Data           4  system_nrf51.o(.data)
    tx_data                                  0x20000004   Data         256  main.o(.data)
    global_state                             0x2000010f   Data           1  radio_control.o(.data)
    radio_aborted                            0x20000110   Data           1  radio_control.o(.data)
    rng_index                                0x20000114   Data           1  trickle.o(.data)
    is_synced                                0x20000115   Data           1  trickle.o(.data)
    sync_timer_id                            0x20000118   Data           4  trickle.o(.data)
    next_trickle                             0x2000011c   Data           4  trickle.o(.data)
    rx_data                                  0x20000188   Data         256  main.o(.bss)
    rng_vals                                 0x20000720   Data          64  trickle.o(.bss)
    __libspace_start                         0x20000760   Data          96  libspace.o(.bss)
    __temporary_stack_top$libspace           0x200007c0   Data           0  libspace.o(.bss)



==============================================================================

Memory Map of the image

  Image Entry point : 0x000001c5

  Load Region LR_1 (Base: 0x00000000, Size: 0x00001ac0, Max: 0xffffffff, ABSOLUTE, COMPRESSED[0x00001998])

    Execution Region ER_RO (Base: 0x00000000, Size: 0x00001978, Max: 0xffffffff, ABSOLUTE)

    Base Addr    Size         Type   Attr      Idx    E Section Name        Object

    0x00000000   0x000000c0   Data   RO            3    RESET               arm_startup_nrf51.o
    0x000000c0   0x00000008   Code   RO          342  * !!!main             c_p.l(__main.o)
    0x000000c8   0x0000003c   Code   RO          514    !!!scatter          c_p.l(__scatter.o)
    0x00000104   0x0000001c   Code   RO          516    !!handler_zi        c_p.l(__scatter_zi.o)
    0x00000120   0x00000002   Code   RO          384    .ARM.Collect$$libinit$$00000000  c_p.l(libinit.o)
    0x00000122   0x00000004   Code   RO          397    .ARM.Collect$$libinit$$00000001  c_p.l(libinit2.o)
    0x00000126   0x00000000   Code   RO          401    .ARM.Collect$$libinit$$00000008  c_p.l(libinit2.o)
    0x00000126   0x00000000   Code   RO          403    .ARM.Collect$$libinit$$0000000A  c_p.l(libinit2.o)
    0x00000126   0x00000000   Code   RO          405    .ARM.Collect$$libinit$$0000000C  c_p.l(libinit2.o)
    0x00000126   0x00000000   Code   RO          408    .ARM.Collect$$libinit$$0000000F  c_p.l(libinit2.o)
    0x00000126   0x00000000   Code   RO          410    .ARM.Collect$$libinit$$00000011  c_p.l(libinit2.o)
    0x00000126   0x00000000   Code   RO          412    .ARM.Collect$$libinit$$00000013  c_p.l(libinit2.o)
    0x00000126   0x00000000   Code   RO          414    .ARM.Collect$$libinit$$00000015  c_p.l(libinit2.o)
    0x00000126   0x00000000   Code   RO          416    .ARM.Collect$$libinit$$00000017  c_p.l(libinit2.o)
    0x00000126   0x00000000   Code   RO          418    .ARM.Collect$$libinit$$00000019  c_p.l(libinit2.o)
    0x00000126   0x00000000   Code   RO          420    .ARM.Collect$$libinit$$0000001B  c_p.l(libinit2.o)
    0x00000126   0x00000000   Code   RO          422    .ARM.Collect$$libinit$$0000001D  c_p.l(libinit2.o)
    0x00000126   0x00000000   Code   RO          424    .ARM.Collect$$libinit$$0000001F  c_p.l(libinit2.o)
    0x00000126   0x00000000   Code   RO          426    .ARM.Collect$$libinit$$00000021  c_p.l(libinit2.o)
    0x00000126   0x00000000   Code   RO          428    .ARM.Collect$$libinit$$00000023  c_p.l(libinit2.o)
    0x00000126   0x00000000   Code   RO          432    .ARM.Collect$$libinit$$0000002A  c_p.l(libinit2.o)
    0x00000126   0x00000000   Code   RO          434    .ARM.Collect$$libinit$$0000002C  c_p.l(libinit2.o)
    0x00000126   0x00000000   Code   RO          436    .ARM.Collect$$libinit$$0000002E  c_p.l(libinit2.o)
    0x00000126   0x00000000   Code   RO          438    .ARM.Collect$$libinit$$00000030  c_p.l(libinit2.o)
    0x00000126   0x00000002   Code   RO          439    .ARM.Collect$$libinit$$00000031  c_p.l(libinit2.o)
    0x00000128   0x00000002   Code   RO          470    .ARM.Collect$$libshutdown$$00000000  c_p.l(libshutdown.o)
    0x0000012a   0x00000000   Code   RO          497    .ARM.Collect$$libshutdown$$00000003  c_p.l(libshutdown2.o)
    0x0000012a   0x00000000   Code   RO          500    .ARM.Collect$$libshutdown$$00000006  c_p.l(libshutdown2.o)
    0x0000012a   0x00000000   Code   RO          503    .ARM.Collect$$libshutdown$$00000009  c_p.l(libshutdown2.o)
    0x0000012a   0x00000000   Code   RO          505    .ARM.Collect$$libshutdown$$0000000B  c_p.l(libshutdown2.o)
    0x0000012a   0x00000000   Code   RO          508    .ARM.Collect$$libshutdown$$0000000E  c_p.l(libshutdown2.o)
    0x0000012a   0x00000002   Code   RO          509    .ARM.Collect$$libshutdown$$0000000F  c_p.l(libshutdown2.o)
    0x0000012c   0x00000000   Code   RO          344    .ARM.Collect$$rtentry$$00000000  c_p.l(rtentry.o)
    0x0000012c   0x00000000   Code   RO          354    .ARM.Collect$$rtentry$$00000002  c_p.l(rtentry2.o)
    0x0000012c   0x00000006   Code   RO          366    .ARM.Collect$$rtentry$$00000004  c_p.l(rtentry4.o)
    0x00000132   0x00000000   Code   RO          356    .ARM.Collect$$rtentry$$00000009  c_p.l(rtentry2.o)
    0x00000132   0x00000004   Code   RO          357    .ARM.Collect$$rtentry$$0000000A  c_p.l(rtentry2.o)
    0x00000136   0x00000000   Code   RO          359    .ARM.Collect$$rtentry$$0000000C  c_p.l(rtentry2.o)
    0x00000136   0x00000008   Code   RO          360    .ARM.Collect$$rtentry$$0000000D  c_p.l(rtentry2.o)
    0x0000013e   0x00000002   Code   RO          389    .ARM.Collect$$rtexit$$00000000  c_p.l(rtexit.o)
    0x00000140   0x00000000   Code   RO          443    .ARM.Collect$$rtexit$$00000002  c_p.l(rtexit2.o)
    0x00000140   0x00000004   Code   RO          444    .ARM.Collect$$rtexit$$00000003  c_p.l(rtexit2.o)
    0x00000144   0x00000006   Code   RO          445    .ARM.Collect$$rtexit$$00000004  c_p.l(rtexit2.o)
    0x0000014a   0x00000002   PAD
    0x0000014c   0x0000001e   Code   RO          221    .emb_text           nrf_delay.o
    0x0000016a   0x00000002   PAD
    0x0000016c   0x0000001e   Code   RO          275    .emb_text           app_timer.o
    0x0000018a   0x00000002   PAD
    0x0000018c   0x00000038   Code   RO          332    .emb_text           c_p.l(rt_memcpy.o)
    0x000001c4   0x00000048   Code   RO            4  * .text               arm_startup_nrf51.o
    0x0000020c   0x000000d8   Code   RO           12    .text               system_nrf51.o
    0x000002e4   0x00000270   Code   RO           70    .text               main.o
    0x00000554   0x00000190   Code   RO          148    .text               radio_control.o
    0x000006e4   0x000003b0   Code   RO          181    .text               trickle.o
    0x00000a94   0x0000001c   Code   RO          222    .text               nrf_delay.o
    0x00000ab0   0x00000ad8   Code   RO          276    .text               app_timer.o
    0x00001588   0x00000022   Code   RO          328    .text               c_p.l(llushr.o)
    0x000015aa   0x00000102   Code   RO          330    .text               c_p.l(lludiv.o)
    0x000016ac   0x00000082   Code   RO          333    .text               c_p.l(rt_memcpy.o)
    0x0000172e   0x0000015a   Code   RO          336    .text               c_p.l(aeabi_sdiv.o)
    0x00001888   0x00000006   Code   RO          340    .text               c_p.l(heapauxi.o)
    0x0000188e   0x0000003e   Code   RO          370    .text               c_p.l(sys_stackheap_outer.o)
    0x000018cc   0x0000000c   Code   RO          373    .text               c_p.l(exit.o)
    0x000018d8   0x00000008   Code   RO          385    .text               c_p.l(libspace.o)
    0x000018e0   0x0000000c   Code   RO          440    .text               c_p.l(sys_exit.o)
    0x000018ec   0x00000002   Code   RO          459    .text               c_p.l(use_no_semi.o)
    0x000018ee   0x00000000   Code   RO          461    .text               c_p.l(indicate_semi.o)
    0x000018ee   0x0000003a   Code   RO          512    .text               c_p.l(__dczerorl.o)
    0x00001928   0x00000030   Code   RO          200    i.__ARM_common_ll_muluu  trickle.o
    0x00001958   0x00000020   Data   RO          510    Region$$Table       anon$$obj.o


    Execution Region ER_RW (Base: 0x20000000, Size: 0x00000148, Max: 0xffffffff, ABSOLUTE, COMPRESSED[0x00000020])

    Base Addr    Size         Type   Attr      Idx    E Section Name        Object

    0x20000000   0x00000004   Data   RW           13    .data               system_nrf51.o
    0x20000004   0x0000010b   Data   RW           72    .data               main.o
    0x2000010f   0x00000002   Data   RW          149    .data               radio_control.o
    0x20000111   0x00000003   PAD
    0x20000114   0x0000000c   Data   RW          183    .data               trickle.o
    0x20000120   0x00000025   Data   RW          277    .data               app_timer.o


    Execution Region ER_ZI (Base: 0x20000148, Size: 0x00001678, Max: 0xffffffff, ABSOLUTE)

    Base Addr    Size         Type   Attr      Idx    E Section Name        Object

    0x20000148   0x00000140   Zero   RW           71    .bss                main.o
    0x20000288   0x000004d8   Zero   RW          182    .bss                trickle.o
    0x20000760   0x00000060   Zero   RW          386    .bss                c_p.l(libspace.o)
    0x200007c0   0x00000800   Zero   RW            2    HEAP                arm_startup_nrf51.o
    0x20000fc0   0x00000800   Zero   RW            1    STACK               arm_startup_nrf51.o


==============================================================================

Image component sizes


      Code (inc. data)   RO Data    RW Data    ZI Data      Debug   Object Name

      2806        164          0         37          0      24301   app_timer.o
        72         32        192          0       4096        592   arm_startup_nrf51.o
       624         52          0        267        320       7680   main.o
        58          4          0          0          0       1275   nrf_delay.o
       400         64          0          2          0       7305   radio_control.o
       216         28          0          4          0      21265   system_nrf51.o
       992         64          0         12       1240       3817   trickle.o

    ----------------------------------------------------------------------
      5172        408        224        328       5656      66235   Object Totals
         0          0         32          0          0          0   (incl. Generated)
         4          0          0          6          0          0   (incl. Padding)

    ----------------------------------------------------------------------

      Code (inc. data)   RO Data    RW Data    ZI Data      Debug   Library Member Name

        58          0          0          0          0          0   __dczerorl.o
         8          0          0          0          0         68   __main.o
        60          8          0          0          0          0   __scatter.o
        28          0          0          0          0          0   __scatter_zi.o
       346          0          0          0          0         92   aeabi_sdiv.o
        12          0          0          0          0         64   exit.o
         6          0          0          0          0        136   heapauxi.o
         0          0          0          0          0          0   indicate_semi.o
         2          0          0          0          0          0   libinit.o
         6          0          0          0          0          0   libinit2.o
         2          0          0          0          0          0   libshutdown.o
         2          0          0          0          0          0   libshutdown2.o
         8          4          0          0         96         68   libspace.o
       258          0          0          0          0         88   lludiv.o
        34          0          0          0          0         68   llushr.o
       186          0          0          0          0        144   rt_memcpy.o
         0          0          0          0          0          0   rtentry.o
        12          0          0          0          0          0   rtentry2.o
         6          0          0          0          0          0   rtentry4.o
         2          0          0          0          0          0   rtexit.o
        10          0          0          0          0          0   rtexit2.o
        12          4          0          0          0         60   sys_exit.o
        62          0          0          0          0         80   sys_stackheap_outer.o
         2          0          0          0          0         68   use_no_semi.o

    ----------------------------------------------------------------------
      1124         16          0          0         96        936   Library Totals
         2          0          0          0          0          0   (incl. Padding)

    ----------------------------------------------------------------------

      Code (inc. data)   RO Data    RW Data    ZI Data      Debug   Library Name

      1122         16          0          0         96        936   c_p.l

    ----------------------------------------------------------------------
      1124         16          0          0         96        936   Library Totals

    ----------------------------------------------------------------------

==============================================================================


      Code (inc. data)   RO Data    RW Data    ZI Data      Debug   

      6296        424        224        328       5752      66183   Grand Totals
      6296        424        224         32       5752      66183   ELF Image Totals (compressed)
      6296        424        224         32          0          0   ROM Totals

==============================================================================

    Total RO  Size (Code + RO Data)                 6520 (   6.37kB)
    Total RW  Size (RW Data + ZI Data)              6080 (   5.94kB)
    Total ROM Size (Code + RO Data + RW Data)       6552 (   6.40kB)

==============================================================================

